[0.142s] DEBUG:colcon:Command line arguments: ['/usr/bin/colcon', 'build', '--packages-select', 'ros_gz_description', 'ros_gz_gazebo', 'ros_gz_application', 'ros_gz_bringup', '--event-handlers', 'console_direct+']
[0.142s] DEBUG:colcon:Parsed command line arguments: Namespace(log_base=None, log_level=None, verb_name='build', build_base='build', install_base='install', merge_install=False, symlink_install=False, test_result_base=None, continue_on_error=False, executor='parallel', parallel_workers=32, event_handlers=['console_direct+'], ignore_user_meta=False, metas=['./colcon.meta'], base_paths=['.'], packages_ignore=None, packages_ignore_regex=None, paths=None, packages_up_to=None, packages_up_to_regex=None, packages_above=None, packages_above_and_dependencies=None, packages_above_depth=None, packages_select_by_dep=None, packages_skip_by_dep=None, packages_skip_up_to=None, packages_select_build_failed=False, packages_skip_build_finished=False, packages_select_test_failures=False, packages_skip_test_passed=False, packages_select=['ros_gz_description', 'ros_gz_gazebo', 'ros_gz_application', 'ros_gz_bringup'], packages_skip=None, packages_select_regex=None, packages_skip_regex=None, packages_start=None, packages_end=None, cmake_args=None, cmake_target=None, cmake_target_skip_unavailable=False, cmake_clean_cache=False, cmake_clean_first=False, cmake_force_configure=False, ament_cmake_args=None, catkin_cmake_args=None, catkin_skip_building_tests=False, mixin_files=None, mixin=None, verb_parser=<colcon_mixin.mixin.mixin_argument.MixinArgumentDecorator object at 0x7baf774ccd70>, verb_extension=<colcon_core.verb.build.BuildVerb object at 0x7baf776c6a80>, main=<bound method BuildVerb.main of <colcon_core.verb.build.BuildVerb object at 0x7baf776c6a80>>, mixin_verb=('build',))
[0.182s] Level 1:colcon.colcon_core.package_discovery:discover_packages(colcon_meta) check parameters
[0.183s] INFO:colcon.colcon_metadata.package_discovery.colcon_meta:Using configuration from '/root/.colcon/metadata/default/Gazebo.meta'
[0.183s] INFO:colcon.colcon_metadata.package_discovery.colcon_meta:Using configuration from '/root/.colcon/metadata/default/fastdds.meta'
[0.183s] INFO:colcon.colcon_metadata.package_discovery.colcon_meta:Using configuration from '/root/.colcon/metadata/default/fastrtps.meta'
[0.183s] Level 1:colcon.colcon_core.package_discovery:discover_packages(recursive) check parameters
[0.183s] Level 1:colcon.colcon_core.package_discovery:discover_packages(ignore) check parameters
[0.183s] Level 1:colcon.colcon_core.package_discovery:discover_packages(path) check parameters
[0.183s] Level 1:colcon.colcon_core.package_discovery:discover_packages(colcon_meta) discover
[0.183s] Level 1:colcon.colcon_core.package_discovery:discover_packages(recursive) discover
[0.183s] INFO:colcon.colcon_core.package_discovery:Crawling recursively for packages in '/workspaces/GazeboRobotSimDev'
[0.183s] Level 1:colcon.colcon_core.package_identification:_identify(.) by extensions ['ignore', 'ignore_ament_install']
[0.183s] Level 1:colcon.colcon_core.package_identification:_identify(.) by extension 'ignore'
[0.183s] Level 1:colcon.colcon_core.package_identification:_identify(.) by extension 'ignore_ament_install'
[0.184s] Level 1:colcon.colcon_core.package_identification:_identify(.) by extensions ['colcon_pkg']
[0.184s] Level 1:colcon.colcon_core.package_identification:_identify(.) by extension 'colcon_pkg'
[0.184s] Level 1:colcon.colcon_core.package_identification:_identify(.) by extensions ['colcon_meta']
[0.184s] Level 1:colcon.colcon_core.package_identification:_identify(.) by extension 'colcon_meta'
[0.184s] Level 1:colcon.colcon_core.package_identification:_identify(.) by extensions ['ros']
[0.184s] Level 1:colcon.colcon_core.package_identification:_identify(.) by extension 'ros'
[0.203s] Level 1:colcon.colcon_core.package_identification:_identify(.) by extensions ['cmake', 'python']
[0.204s] Level 1:colcon.colcon_core.package_identification:_identify(.) by extension 'cmake'
[0.204s] Level 1:colcon.colcon_core.package_identification:_identify(.) by extension 'python'
[0.204s] Level 1:colcon.colcon_core.package_identification:_identify(.) by extensions ['python_setup_py']
[0.204s] Level 1:colcon.colcon_core.package_identification:_identify(.) by extension 'python_setup_py'
[0.204s] Level 1:colcon.colcon_core.package_identification:_identify(SDFs) by extensions ['ignore', 'ignore_ament_install']
[0.204s] Level 1:colcon.colcon_core.package_identification:_identify(SDFs) by extension 'ignore'
[0.204s] Level 1:colcon.colcon_core.package_identification:_identify(SDFs) by extension 'ignore_ament_install'
[0.204s] Level 1:colcon.colcon_core.package_identification:_identify(SDFs) by extensions ['colcon_pkg']
[0.204s] Level 1:colcon.colcon_core.package_identification:_identify(SDFs) by extension 'colcon_pkg'
[0.204s] Level 1:colcon.colcon_core.package_identification:_identify(SDFs) by extensions ['colcon_meta']
[0.204s] Level 1:colcon.colcon_core.package_identification:_identify(SDFs) by extension 'colcon_meta'
[0.204s] Level 1:colcon.colcon_core.package_identification:_identify(SDFs) by extensions ['ros']
[0.204s] Level 1:colcon.colcon_core.package_identification:_identify(SDFs) by extension 'ros'
[0.204s] Level 1:colcon.colcon_core.package_identification:_identify(SDFs) by extensions ['cmake', 'python']
[0.204s] Level 1:colcon.colcon_core.package_identification:_identify(SDFs) by extension 'cmake'
[0.204s] Level 1:colcon.colcon_core.package_identification:_identify(SDFs) by extension 'python'
[0.204s] Level 1:colcon.colcon_core.package_identification:_identify(SDFs) by extensions ['python_setup_py']
[0.204s] Level 1:colcon.colcon_core.package_identification:_identify(SDFs) by extension 'python_setup_py'
[0.204s] Level 1:colcon.colcon_core.package_identification:_identify(ball_and_pail_sim_node) by extensions ['ignore', 'ignore_ament_install']
[0.205s] Level 1:colcon.colcon_core.package_identification:_identify(ball_and_pail_sim_node) by extension 'ignore'
[0.205s] Level 1:colcon.colcon_core.package_identification:_identify(ball_and_pail_sim_node) by extension 'ignore_ament_install'
[0.205s] Level 1:colcon.colcon_core.package_identification:_identify(ball_and_pail_sim_node) by extensions ['colcon_pkg']
[0.205s] Level 1:colcon.colcon_core.package_identification:_identify(ball_and_pail_sim_node) by extension 'colcon_pkg'
[0.205s] Level 1:colcon.colcon_core.package_identification:_identify(ball_and_pail_sim_node) by extensions ['colcon_meta']
[0.205s] Level 1:colcon.colcon_core.package_identification:_identify(ball_and_pail_sim_node) by extension 'colcon_meta'
[0.205s] Level 1:colcon.colcon_core.package_identification:_identify(ball_and_pail_sim_node) by extensions ['ros']
[0.205s] Level 1:colcon.colcon_core.package_identification:_identify(ball_and_pail_sim_node) by extension 'ros'
[0.205s] Level 1:colcon.colcon_core.package_identification:_identify(ball_and_pail_sim_node) by extensions ['cmake', 'python']
[0.205s] Level 1:colcon.colcon_core.package_identification:_identify(ball_and_pail_sim_node) by extension 'cmake'
[0.208s] Level 1:colcon.colcon_core.package_identification:_identify(ball_and_pail_sim_node) by extension 'python'
[0.209s] DEBUG:colcon.colcon_core.package_identification:Package 'ball_and_pail_sim_node' with type 'cmake' and name 'ball_and_pail_sim'
[0.209s] Level 1:colcon.colcon_core.package_identification:_identify(build) by extensions ['ignore', 'ignore_ament_install']
[0.209s] Level 1:colcon.colcon_core.package_identification:_identify(build) by extension 'ignore'
[0.209s] Level 1:colcon.colcon_core.package_identification:_identify(build) ignored
[0.209s] Level 1:colcon.colcon_core.package_identification:_identify(install) by extensions ['ignore', 'ignore_ament_install']
[0.209s] Level 1:colcon.colcon_core.package_identification:_identify(install) by extension 'ignore'
[0.209s] Level 1:colcon.colcon_core.package_identification:_identify(install) ignored
[0.209s] Level 1:colcon.colcon_core.package_identification:_identify(lidar_node) by extensions ['ignore', 'ignore_ament_install']
[0.209s] Level 1:colcon.colcon_core.package_identification:_identify(lidar_node) by extension 'ignore'
[0.209s] Level 1:colcon.colcon_core.package_identification:_identify(lidar_node) by extension 'ignore_ament_install'
[0.209s] Level 1:colcon.colcon_core.package_identification:_identify(lidar_node) by extensions ['colcon_pkg']
[0.209s] Level 1:colcon.colcon_core.package_identification:_identify(lidar_node) by extension 'colcon_pkg'
[0.209s] Level 1:colcon.colcon_core.package_identification:_identify(lidar_node) by extensions ['colcon_meta']
[0.209s] Level 1:colcon.colcon_core.package_identification:_identify(lidar_node) by extension 'colcon_meta'
[0.209s] Level 1:colcon.colcon_core.package_identification:_identify(lidar_node) by extensions ['ros']
[0.209s] Level 1:colcon.colcon_core.package_identification:_identify(lidar_node) by extension 'ros'
[0.209s] Level 1:colcon.colcon_core.package_identification:_identify(lidar_node) by extensions ['cmake', 'python']
[0.209s] Level 1:colcon.colcon_core.package_identification:_identify(lidar_node) by extension 'cmake'
[0.213s] Level 1:colcon.colcon_core.package_identification:_identify(lidar_node) by extension 'python'
[0.213s] DEBUG:colcon.colcon_core.package_identification:Package 'lidar_node' with type 'cmake' and name 'avoid_wall'
[0.213s] Level 1:colcon.colcon_core.package_identification:_identify(log) by extensions ['ignore', 'ignore_ament_install']
[0.213s] Level 1:colcon.colcon_core.package_identification:_identify(log) by extension 'ignore'
[0.213s] Level 1:colcon.colcon_core.package_identification:_identify(log) ignored
[0.213s] Level 1:colcon.colcon_core.package_identification:_identify(ros_gz_application) by extensions ['ignore', 'ignore_ament_install']
[0.214s] Level 1:colcon.colcon_core.package_identification:_identify(ros_gz_application) by extension 'ignore'
[0.214s] Level 1:colcon.colcon_core.package_identification:_identify(ros_gz_application) by extension 'ignore_ament_install'
[0.214s] Level 1:colcon.colcon_core.package_identification:_identify(ros_gz_application) by extensions ['colcon_pkg']
[0.214s] Level 1:colcon.colcon_core.package_identification:_identify(ros_gz_application) by extension 'colcon_pkg'
[0.214s] Level 1:colcon.colcon_core.package_identification:_identify(ros_gz_application) by extensions ['colcon_meta']
[0.214s] Level 1:colcon.colcon_core.package_identification:_identify(ros_gz_application) by extension 'colcon_meta'
[0.214s] Level 1:colcon.colcon_core.package_identification:_identify(ros_gz_application) by extensions ['ros']
[0.214s] Level 1:colcon.colcon_core.package_identification:_identify(ros_gz_application) by extension 'ros'
[0.216s] DEBUG:colcon.colcon_core.package_identification:Package 'ros_gz_application' with type 'ros.ament_cmake' and name 'ros_gz_application'
[0.216s] Level 1:colcon.colcon_core.package_identification:_identify(ros_gz_bringup) by extensions ['ignore', 'ignore_ament_install']
[0.216s] Level 1:colcon.colcon_core.package_identification:_identify(ros_gz_bringup) by extension 'ignore'
[0.216s] Level 1:colcon.colcon_core.package_identification:_identify(ros_gz_bringup) by extension 'ignore_ament_install'
[0.216s] Level 1:colcon.colcon_core.package_identification:_identify(ros_gz_bringup) by extensions ['colcon_pkg']
[0.216s] Level 1:colcon.colcon_core.package_identification:_identify(ros_gz_bringup) by extension 'colcon_pkg'
[0.216s] Level 1:colcon.colcon_core.package_identification:_identify(ros_gz_bringup) by extensions ['colcon_meta']
[0.216s] Level 1:colcon.colcon_core.package_identification:_identify(ros_gz_bringup) by extension 'colcon_meta'
[0.216s] Level 1:colcon.colcon_core.package_identification:_identify(ros_gz_bringup) by extensions ['ros']
[0.216s] Level 1:colcon.colcon_core.package_identification:_identify(ros_gz_bringup) by extension 'ros'
[0.216s] DEBUG:colcon.colcon_core.package_identification:Package 'ros_gz_bringup' with type 'ros.ament_cmake' and name 'ros_gz_bringup'
[0.217s] Level 1:colcon.colcon_core.package_identification:_identify(ros_gz_description) by extensions ['ignore', 'ignore_ament_install']
[0.217s] Level 1:colcon.colcon_core.package_identification:_identify(ros_gz_description) by extension 'ignore'
[0.217s] Level 1:colcon.colcon_core.package_identification:_identify(ros_gz_description) by extension 'ignore_ament_install'
[0.217s] Level 1:colcon.colcon_core.package_identification:_identify(ros_gz_description) by extensions ['colcon_pkg']
[0.217s] Level 1:colcon.colcon_core.package_identification:_identify(ros_gz_description) by extension 'colcon_pkg'
[0.217s] Level 1:colcon.colcon_core.package_identification:_identify(ros_gz_description) by extensions ['colcon_meta']
[0.217s] Level 1:colcon.colcon_core.package_identification:_identify(ros_gz_description) by extension 'colcon_meta'
[0.217s] Level 1:colcon.colcon_core.package_identification:_identify(ros_gz_description) by extensions ['ros']
[0.217s] Level 1:colcon.colcon_core.package_identification:_identify(ros_gz_description) by extension 'ros'
[0.217s] DEBUG:colcon.colcon_core.package_identification:Package 'ros_gz_description' with type 'ros.ament_cmake' and name 'ros_gz_description'
[0.218s] Level 1:colcon.colcon_core.package_identification:_identify(ros_gz_gazebo) by extensions ['ignore', 'ignore_ament_install']
[0.218s] Level 1:colcon.colcon_core.package_identification:_identify(ros_gz_gazebo) by extension 'ignore'
[0.218s] Level 1:colcon.colcon_core.package_identification:_identify(ros_gz_gazebo) by extension 'ignore_ament_install'
[0.218s] Level 1:colcon.colcon_core.package_identification:_identify(ros_gz_gazebo) by extensions ['colcon_pkg']
[0.218s] Level 1:colcon.colcon_core.package_identification:_identify(ros_gz_gazebo) by extension 'colcon_pkg'
[0.218s] Level 1:colcon.colcon_core.package_identification:_identify(ros_gz_gazebo) by extensions ['colcon_meta']
[0.218s] Level 1:colcon.colcon_core.package_identification:_identify(ros_gz_gazebo) by extension 'colcon_meta'
[0.218s] Level 1:colcon.colcon_core.package_identification:_identify(ros_gz_gazebo) by extensions ['ros']
[0.218s] Level 1:colcon.colcon_core.package_identification:_identify(ros_gz_gazebo) by extension 'ros'
[0.219s] DEBUG:colcon.colcon_core.package_identification:Package 'ros_gz_gazebo' with type 'ros.ament_cmake' and name 'ros_gz_gazebo'
[0.219s] Level 1:colcon.colcon_core.package_discovery:discover_packages(recursive) using defaults
[0.219s] Level 1:colcon.colcon_core.package_discovery:discover_packages(ignore) discover
[0.219s] Level 1:colcon.colcon_core.package_discovery:discover_packages(ignore) using defaults
[0.219s] Level 1:colcon.colcon_core.package_discovery:discover_packages(path) discover
[0.219s] Level 1:colcon.colcon_core.package_discovery:discover_packages(path) using defaults
[0.236s] INFO:colcon.colcon_core.package_selection:Skipping not selected package 'avoid_wall' in 'lidar_node'
[0.236s] INFO:colcon.colcon_core.package_selection:Skipping not selected package 'ball_and_pail_sim' in 'ball_and_pail_sim_node'
[0.236s] Level 5:colcon.colcon_core.verb:set package 'ros_gz_application' build argument 'cmake_args' from command line to 'None'
[0.236s] Level 5:colcon.colcon_core.verb:set package 'ros_gz_application' build argument 'cmake_target' from command line to 'None'
[0.236s] Level 5:colcon.colcon_core.verb:set package 'ros_gz_application' build argument 'cmake_target_skip_unavailable' from command line to 'False'
[0.236s] Level 5:colcon.colcon_core.verb:set package 'ros_gz_application' build argument 'cmake_clean_cache' from command line to 'False'
[0.236s] Level 5:colcon.colcon_core.verb:set package 'ros_gz_application' build argument 'cmake_clean_first' from command line to 'False'
[0.236s] Level 5:colcon.colcon_core.verb:set package 'ros_gz_application' build argument 'cmake_force_configure' from command line to 'False'
[0.236s] Level 5:colcon.colcon_core.verb:set package 'ros_gz_application' build argument 'ament_cmake_args' from command line to 'None'
[0.237s] Level 5:colcon.colcon_core.verb:set package 'ros_gz_application' build argument 'catkin_cmake_args' from command line to 'None'
[0.237s] Level 5:colcon.colcon_core.verb:set package 'ros_gz_application' build argument 'catkin_skip_building_tests' from command line to 'False'
[0.237s] DEBUG:colcon.colcon_core.verb:Building package 'ros_gz_application' with the following arguments: {'ament_cmake_args': None, 'build_base': '/workspaces/GazeboRobotSimDev/build/ros_gz_application', 'catkin_cmake_args': None, 'catkin_skip_building_tests': False, 'cmake_args': None, 'cmake_clean_cache': False, 'cmake_clean_first': False, 'cmake_force_configure': False, 'cmake_target': None, 'cmake_target_skip_unavailable': False, 'install_base': '/workspaces/GazeboRobotSimDev/install/ros_gz_application', 'merge_install': False, 'path': '/workspaces/GazeboRobotSimDev/ros_gz_application', 'symlink_install': False, 'test_result_base': None}
[0.237s] Level 5:colcon.colcon_core.verb:set package 'ros_gz_description' build argument 'cmake_args' from command line to 'None'
[0.237s] Level 5:colcon.colcon_core.verb:set package 'ros_gz_description' build argument 'cmake_target' from command line to 'None'
[0.237s] Level 5:colcon.colcon_core.verb:set package 'ros_gz_description' build argument 'cmake_target_skip_unavailable' from command line to 'False'
[0.237s] Level 5:colcon.colcon_core.verb:set package 'ros_gz_description' build argument 'cmake_clean_cache' from command line to 'False'
[0.237s] Level 5:colcon.colcon_core.verb:set package 'ros_gz_description' build argument 'cmake_clean_first' from command line to 'False'
[0.237s] Level 5:colcon.colcon_core.verb:set package 'ros_gz_description' build argument 'cmake_force_configure' from command line to 'False'
[0.237s] Level 5:colcon.colcon_core.verb:set package 'ros_gz_description' build argument 'ament_cmake_args' from command line to 'None'
[0.237s] Level 5:colcon.colcon_core.verb:set package 'ros_gz_description' build argument 'catkin_cmake_args' from command line to 'None'
[0.237s] Level 5:colcon.colcon_core.verb:set package 'ros_gz_description' build argument 'catkin_skip_building_tests' from command line to 'False'
[0.237s] DEBUG:colcon.colcon_core.verb:Building package 'ros_gz_description' with the following arguments: {'ament_cmake_args': None, 'build_base': '/workspaces/GazeboRobotSimDev/build/ros_gz_description', 'catkin_cmake_args': None, 'catkin_skip_building_tests': False, 'cmake_args': None, 'cmake_clean_cache': False, 'cmake_clean_first': False, 'cmake_force_configure': False, 'cmake_target': None, 'cmake_target_skip_unavailable': False, 'install_base': '/workspaces/GazeboRobotSimDev/install/ros_gz_description', 'merge_install': False, 'path': '/workspaces/GazeboRobotSimDev/ros_gz_description', 'symlink_install': False, 'test_result_base': None}
[0.237s] Level 5:colcon.colcon_core.verb:set package 'ros_gz_gazebo' build argument 'cmake_args' from command line to 'None'
[0.237s] Level 5:colcon.colcon_core.verb:set package 'ros_gz_gazebo' build argument 'cmake_target' from command line to 'None'
[0.237s] Level 5:colcon.colcon_core.verb:set package 'ros_gz_gazebo' build argument 'cmake_target_skip_unavailable' from command line to 'False'
[0.237s] Level 5:colcon.colcon_core.verb:set package 'ros_gz_gazebo' build argument 'cmake_clean_cache' from command line to 'False'
[0.237s] Level 5:colcon.colcon_core.verb:set package 'ros_gz_gazebo' build argument 'cmake_clean_first' from command line to 'False'
[0.237s] Level 5:colcon.colcon_core.verb:set package 'ros_gz_gazebo' build argument 'cmake_force_configure' from command line to 'False'
[0.237s] Level 5:colcon.colcon_core.verb:set package 'ros_gz_gazebo' build argument 'ament_cmake_args' from command line to 'None'
[0.237s] Level 5:colcon.colcon_core.verb:set package 'ros_gz_gazebo' build argument 'catkin_cmake_args' from command line to 'None'
[0.237s] Level 5:colcon.colcon_core.verb:set package 'ros_gz_gazebo' build argument 'catkin_skip_building_tests' from command line to 'False'
[0.237s] DEBUG:colcon.colcon_core.verb:Building package 'ros_gz_gazebo' with the following arguments: {'ament_cmake_args': None, 'build_base': '/workspaces/GazeboRobotSimDev/build/ros_gz_gazebo', 'catkin_cmake_args': None, 'catkin_skip_building_tests': False, 'cmake_args': None, 'cmake_clean_cache': False, 'cmake_clean_first': False, 'cmake_force_configure': False, 'cmake_target': None, 'cmake_target_skip_unavailable': False, 'install_base': '/workspaces/GazeboRobotSimDev/install/ros_gz_gazebo', 'merge_install': False, 'path': '/workspaces/GazeboRobotSimDev/ros_gz_gazebo', 'symlink_install': False, 'test_result_base': None}
[0.237s] Level 5:colcon.colcon_core.verb:set package 'ros_gz_bringup' build argument 'cmake_args' from command line to 'None'
[0.237s] Level 5:colcon.colcon_core.verb:set package 'ros_gz_bringup' build argument 'cmake_target' from command line to 'None'
[0.237s] Level 5:colcon.colcon_core.verb:set package 'ros_gz_bringup' build argument 'cmake_target_skip_unavailable' from command line to 'False'
[0.237s] Level 5:colcon.colcon_core.verb:set package 'ros_gz_bringup' build argument 'cmake_clean_cache' from command line to 'False'
[0.237s] Level 5:colcon.colcon_core.verb:set package 'ros_gz_bringup' build argument 'cmake_clean_first' from command line to 'False'
[0.237s] Level 5:colcon.colcon_core.verb:set package 'ros_gz_bringup' build argument 'cmake_force_configure' from command line to 'False'
[0.237s] Level 5:colcon.colcon_core.verb:set package 'ros_gz_bringup' build argument 'ament_cmake_args' from command line to 'None'
[0.237s] Level 5:colcon.colcon_core.verb:set package 'ros_gz_bringup' build argument 'catkin_cmake_args' from command line to 'None'
[0.237s] Level 5:colcon.colcon_core.verb:set package 'ros_gz_bringup' build argument 'catkin_skip_building_tests' from command line to 'False'
[0.237s] DEBUG:colcon.colcon_core.verb:Building package 'ros_gz_bringup' with the following arguments: {'ament_cmake_args': None, 'build_base': '/workspaces/GazeboRobotSimDev/build/ros_gz_bringup', 'catkin_cmake_args': None, 'catkin_skip_building_tests': False, 'cmake_args': None, 'cmake_clean_cache': False, 'cmake_clean_first': False, 'cmake_force_configure': False, 'cmake_target': None, 'cmake_target_skip_unavailable': False, 'install_base': '/workspaces/GazeboRobotSimDev/install/ros_gz_bringup', 'merge_install': False, 'path': '/workspaces/GazeboRobotSimDev/ros_gz_bringup', 'symlink_install': False, 'test_result_base': None}
[0.237s] INFO:colcon.colcon_core.executor:Executing jobs using 'parallel' executor
[0.238s] DEBUG:colcon.colcon_parallel_executor.executor.parallel:run_until_complete
[0.238s] INFO:colcon.colcon_ros.task.ament_cmake.build:Building ROS package in '/workspaces/GazeboRobotSimDev/ros_gz_application' with build type 'ament_cmake'
[0.238s] INFO:colcon.colcon_cmake.task.cmake.build:Building CMake package in '/workspaces/GazeboRobotSimDev/ros_gz_application'
[0.241s] INFO:colcon.colcon_core.plugin_system:Skipping extension 'colcon_core.shell.bat': Not used on non-Windows systems
[0.242s] INFO:colcon.colcon_core.shell:Skip shell extension 'powershell' for command environment: Not usable outside of PowerShell
[0.242s] DEBUG:colcon.colcon_core.shell:Skip shell extension 'dsv' for command environment
[0.246s] INFO:colcon.colcon_ros.task.ament_cmake.build:Building ROS package in '/workspaces/GazeboRobotSimDev/ros_gz_description' with build type 'ament_cmake'
[0.246s] INFO:colcon.colcon_cmake.task.cmake.build:Building CMake package in '/workspaces/GazeboRobotSimDev/ros_gz_description'
[0.246s] INFO:colcon.colcon_core.shell:Skip shell extension 'powershell' for command environment: Not usable outside of PowerShell
[0.246s] DEBUG:colcon.colcon_core.shell:Skip shell extension 'dsv' for command environment
[0.248s] INFO:colcon.colcon_ros.task.ament_cmake.build:Building ROS package in '/workspaces/GazeboRobotSimDev/ros_gz_gazebo' with build type 'ament_cmake'
[0.248s] INFO:colcon.colcon_cmake.task.cmake.build:Building CMake package in '/workspaces/GazeboRobotSimDev/ros_gz_gazebo'
[0.248s] INFO:colcon.colcon_core.shell:Skip shell extension 'powershell' for command environment: Not usable outside of PowerShell
[0.248s] DEBUG:colcon.colcon_core.shell:Skip shell extension 'dsv' for command environment
[0.252s] DEBUG:colcon.colcon_core.event_handler.log_command:Invoking command in '/workspaces/GazeboRobotSimDev/build/ros_gz_application': CMAKE_PREFIX_PATH=${CMAKE_PREFIX_PATH}:/opt/ros/jazzy /usr/bin/cmake --build /workspaces/GazeboRobotSimDev/build/ros_gz_application -- -j32 -l32
[0.255s] DEBUG:colcon.colcon_core.event_handler.log_command:Invoking command in '/workspaces/GazeboRobotSimDev/build/ros_gz_description': CMAKE_PREFIX_PATH=${CMAKE_PREFIX_PATH}:/opt/ros/jazzy /usr/bin/cmake /workspaces/GazeboRobotSimDev/ros_gz_description -DCMAKE_INSTALL_PREFIX=/workspaces/GazeboRobotSimDev/install/ros_gz_description
[0.258s] DEBUG:colcon.colcon_core.event_handler.log_command:Invoking command in '/workspaces/GazeboRobotSimDev/build/ros_gz_gazebo': CMAKE_PREFIX_PATH=${CMAKE_PREFIX_PATH}:/opt/ros/jazzy /usr/bin/cmake /workspaces/GazeboRobotSimDev/ros_gz_gazebo -DCMAKE_INSTALL_PREFIX=/workspaces/GazeboRobotSimDev/install/ros_gz_gazebo
[0.351s] DEBUG:colcon.colcon_core.event_handler.log_command:Invoked command in '/workspaces/GazeboRobotSimDev/build/ros_gz_application' returned '0': CMAKE_PREFIX_PATH=${CMAKE_PREFIX_PATH}:/opt/ros/jazzy /usr/bin/cmake --build /workspaces/GazeboRobotSimDev/build/ros_gz_application -- -j32 -l32
[0.357s] DEBUG:colcon.colcon_core.event_handler.log_command:Invoking command in '/workspaces/GazeboRobotSimDev/build/ros_gz_application': CMAKE_PREFIX_PATH=${CMAKE_PREFIX_PATH}:/opt/ros/jazzy /usr/bin/cmake --install /workspaces/GazeboRobotSimDev/build/ros_gz_application
[0.365s] Level 1:colcon.colcon_core.environment:create_environment_scripts_only(ros_gz_application)
[0.365s] DEBUG:colcon.colcon_core.event_handler.log_command:Invoked command in '/workspaces/GazeboRobotSimDev/build/ros_gz_application' returned '0': CMAKE_PREFIX_PATH=${CMAKE_PREFIX_PATH}:/opt/ros/jazzy /usr/bin/cmake --install /workspaces/GazeboRobotSimDev/build/ros_gz_application
[0.369s] Level 1:colcon.colcon_core.environment:checking '/workspaces/GazeboRobotSimDev/install/ros_gz_application' for CMake module files
[0.370s] Level 1:colcon.colcon_core.environment:checking '/workspaces/GazeboRobotSimDev/install/ros_gz_application' for CMake config files
[0.370s] Level 1:colcon.colcon_core.shell:create_environment_hook('ros_gz_application', 'cmake_prefix_path')
[0.370s] INFO:colcon.colcon_core.shell:Creating environment hook '/workspaces/GazeboRobotSimDev/install/ros_gz_application/share/ros_gz_application/hook/cmake_prefix_path.ps1'
[0.371s] INFO:colcon.colcon_core.shell:Creating environment descriptor '/workspaces/GazeboRobotSimDev/install/ros_gz_application/share/ros_gz_application/hook/cmake_prefix_path.dsv'
[0.371s] INFO:colcon.colcon_core.shell:Creating environment hook '/workspaces/GazeboRobotSimDev/install/ros_gz_application/share/ros_gz_application/hook/cmake_prefix_path.sh'
[0.372s] Level 1:colcon.colcon_core.environment:checking '/workspaces/GazeboRobotSimDev/install/ros_gz_application/lib'
[0.372s] Level 1:colcon.colcon_core.environment:checking '/workspaces/GazeboRobotSimDev/install/ros_gz_application/bin'
[0.372s] Level 1:colcon.colcon_core.environment:checking '/workspaces/GazeboRobotSimDev/install/ros_gz_application/lib/pkgconfig/ros_gz_application.pc'
[0.373s] Level 1:colcon.colcon_core.environment:checking '/workspaces/GazeboRobotSimDev/install/ros_gz_application/lib/python3.12/site-packages'
[0.374s] Level 1:colcon.colcon_core.environment:checking '/workspaces/GazeboRobotSimDev/install/ros_gz_application/bin'
[0.374s] INFO:colcon.colcon_core.shell:Creating package script '/workspaces/GazeboRobotSimDev/install/ros_gz_application/share/ros_gz_application/package.ps1'
[0.374s] INFO:colcon.colcon_core.shell:Creating package descriptor '/workspaces/GazeboRobotSimDev/install/ros_gz_application/share/ros_gz_application/package.dsv'
[0.375s] INFO:colcon.colcon_core.shell:Creating package script '/workspaces/GazeboRobotSimDev/install/ros_gz_application/share/ros_gz_application/package.sh'
[0.375s] INFO:colcon.colcon_core.shell:Creating package script '/workspaces/GazeboRobotSimDev/install/ros_gz_application/share/ros_gz_application/package.bash'
[0.376s] INFO:colcon.colcon_core.shell:Creating package script '/workspaces/GazeboRobotSimDev/install/ros_gz_application/share/ros_gz_application/package.zsh'
[0.376s] Level 1:colcon.colcon_core.environment:create_file_with_runtime_dependencies(/workspaces/GazeboRobotSimDev/install/ros_gz_application/share/colcon-core/packages/ros_gz_application)
[0.377s] Level 1:colcon.colcon_core.environment:create_environment_scripts_only(ros_gz_application)
[0.377s] Level 1:colcon.colcon_core.environment:checking '/workspaces/GazeboRobotSimDev/install/ros_gz_application' for CMake module files
[0.377s] Level 1:colcon.colcon_core.environment:checking '/workspaces/GazeboRobotSimDev/install/ros_gz_application' for CMake config files
[0.377s] Level 1:colcon.colcon_core.shell:create_environment_hook('ros_gz_application', 'cmake_prefix_path')
[0.377s] INFO:colcon.colcon_core.shell:Creating environment hook '/workspaces/GazeboRobotSimDev/install/ros_gz_application/share/ros_gz_application/hook/cmake_prefix_path.ps1'
[0.377s] INFO:colcon.colcon_core.shell:Creating environment descriptor '/workspaces/GazeboRobotSimDev/install/ros_gz_application/share/ros_gz_application/hook/cmake_prefix_path.dsv'
[0.377s] INFO:colcon.colcon_core.shell:Creating environment hook '/workspaces/GazeboRobotSimDev/install/ros_gz_application/share/ros_gz_application/hook/cmake_prefix_path.sh'
[0.378s] Level 1:colcon.colcon_core.environment:checking '/workspaces/GazeboRobotSimDev/install/ros_gz_application/lib'
[0.378s] Level 1:colcon.colcon_core.environment:checking '/workspaces/GazeboRobotSimDev/install/ros_gz_application/bin'
[0.378s] Level 1:colcon.colcon_core.environment:checking '/workspaces/GazeboRobotSimDev/install/ros_gz_application/lib/pkgconfig/ros_gz_application.pc'
[0.378s] Level 1:colcon.colcon_core.environment:checking '/workspaces/GazeboRobotSimDev/install/ros_gz_application/lib/python3.12/site-packages'
[0.378s] Level 1:colcon.colcon_core.environment:checking '/workspaces/GazeboRobotSimDev/install/ros_gz_application/bin'
[0.378s] INFO:colcon.colcon_core.shell:Creating package script '/workspaces/GazeboRobotSimDev/install/ros_gz_application/share/ros_gz_application/package.ps1'
[0.379s] INFO:colcon.colcon_core.shell:Creating package descriptor '/workspaces/GazeboRobotSimDev/install/ros_gz_application/share/ros_gz_application/package.dsv'
[0.379s] INFO:colcon.colcon_core.shell:Creating package script '/workspaces/GazeboRobotSimDev/install/ros_gz_application/share/ros_gz_application/package.sh'
[0.379s] INFO:colcon.colcon_core.shell:Creating package script '/workspaces/GazeboRobotSimDev/install/ros_gz_application/share/ros_gz_application/package.bash'
[0.380s] INFO:colcon.colcon_core.shell:Creating package script '/workspaces/GazeboRobotSimDev/install/ros_gz_application/share/ros_gz_application/package.zsh'
[0.380s] Level 1:colcon.colcon_core.environment:create_file_with_runtime_dependencies(/workspaces/GazeboRobotSimDev/install/ros_gz_application/share/colcon-core/packages/ros_gz_application)
[0.889s] DEBUG:colcon.colcon_core.event_handler.log_command:Invoked command in '/workspaces/GazeboRobotSimDev/build/ros_gz_gazebo' returned '0': CMAKE_PREFIX_PATH=${CMAKE_PREFIX_PATH}:/opt/ros/jazzy /usr/bin/cmake /workspaces/GazeboRobotSimDev/ros_gz_gazebo -DCMAKE_INSTALL_PREFIX=/workspaces/GazeboRobotSimDev/install/ros_gz_gazebo
[0.890s] DEBUG:colcon.colcon_core.event_handler.log_command:Invoking command in '/workspaces/GazeboRobotSimDev/build/ros_gz_gazebo': CMAKE_PREFIX_PATH=${CMAKE_PREFIX_PATH}:/opt/ros/jazzy /usr/bin/cmake --build /workspaces/GazeboRobotSimDev/build/ros_gz_gazebo -- -j32 -l32
[0.890s] DEBUG:colcon.colcon_core.event_handler.log_command:Invoked command in '/workspaces/GazeboRobotSimDev/build/ros_gz_description' returned '0': CMAKE_PREFIX_PATH=${CMAKE_PREFIX_PATH}:/opt/ros/jazzy /usr/bin/cmake /workspaces/GazeboRobotSimDev/ros_gz_description -DCMAKE_INSTALL_PREFIX=/workspaces/GazeboRobotSimDev/install/ros_gz_description
[0.891s] DEBUG:colcon.colcon_core.event_handler.log_command:Invoking command in '/workspaces/GazeboRobotSimDev/build/ros_gz_description': CMAKE_PREFIX_PATH=${CMAKE_PREFIX_PATH}:/opt/ros/jazzy /usr/bin/cmake --build /workspaces/GazeboRobotSimDev/build/ros_gz_description -- -j32 -l32
[0.911s] DEBUG:colcon.colcon_core.event_handler.log_command:Invoked command in '/workspaces/GazeboRobotSimDev/build/ros_gz_gazebo' returned '0': CMAKE_PREFIX_PATH=${CMAKE_PREFIX_PATH}:/opt/ros/jazzy /usr/bin/cmake --build /workspaces/GazeboRobotSimDev/build/ros_gz_gazebo -- -j32 -l32
[0.912s] DEBUG:colcon.colcon_core.event_handler.log_command:Invoking command in '/workspaces/GazeboRobotSimDev/build/ros_gz_gazebo': CMAKE_PREFIX_PATH=${CMAKE_PREFIX_PATH}:/opt/ros/jazzy /usr/bin/cmake --install /workspaces/GazeboRobotSimDev/build/ros_gz_gazebo
[0.913s] DEBUG:colcon.colcon_core.event_handler.log_command:Invoked command in '/workspaces/GazeboRobotSimDev/build/ros_gz_description' returned '0': CMAKE_PREFIX_PATH=${CMAKE_PREFIX_PATH}:/opt/ros/jazzy /usr/bin/cmake --build /workspaces/GazeboRobotSimDev/build/ros_gz_description -- -j32 -l32
[0.913s] DEBUG:colcon.colcon_core.event_handler.log_command:Invoking command in '/workspaces/GazeboRobotSimDev/build/ros_gz_description': CMAKE_PREFIX_PATH=${CMAKE_PREFIX_PATH}:/opt/ros/jazzy /usr/bin/cmake --install /workspaces/GazeboRobotSimDev/build/ros_gz_description
[0.920s] Level 1:colcon.colcon_core.environment:create_environment_scripts_only(ros_gz_gazebo)
[0.920s] Level 1:colcon.colcon_core.environment:checking '/workspaces/GazeboRobotSimDev/install/ros_gz_gazebo' for CMake module files
[0.921s] Level 1:colcon.colcon_core.environment:checking '/workspaces/GazeboRobotSimDev/install/ros_gz_gazebo' for CMake config files
[0.921s] Level 1:colcon.colcon_core.shell:create_environment_hook('ros_gz_gazebo', 'cmake_prefix_path')
[0.922s] DEBUG:colcon.colcon_core.event_handler.log_command:Invoked command in '/workspaces/GazeboRobotSimDev/build/ros_gz_gazebo' returned '0': CMAKE_PREFIX_PATH=${CMAKE_PREFIX_PATH}:/opt/ros/jazzy /usr/bin/cmake --install /workspaces/GazeboRobotSimDev/build/ros_gz_gazebo
[0.922s] INFO:colcon.colcon_core.shell:Creating environment hook '/workspaces/GazeboRobotSimDev/install/ros_gz_gazebo/share/ros_gz_gazebo/hook/cmake_prefix_path.ps1'
[0.923s] INFO:colcon.colcon_core.shell:Creating environment descriptor '/workspaces/GazeboRobotSimDev/install/ros_gz_gazebo/share/ros_gz_gazebo/hook/cmake_prefix_path.dsv'
[0.923s] INFO:colcon.colcon_core.shell:Creating environment hook '/workspaces/GazeboRobotSimDev/install/ros_gz_gazebo/share/ros_gz_gazebo/hook/cmake_prefix_path.sh'
[0.923s] Level 1:colcon.colcon_core.environment:checking '/workspaces/GazeboRobotSimDev/install/ros_gz_gazebo/bin'
[0.923s] Level 1:colcon.colcon_core.environment:checking '/workspaces/GazeboRobotSimDev/install/ros_gz_gazebo/lib/pkgconfig/ros_gz_gazebo.pc'
[0.923s] Level 1:colcon.colcon_core.environment:checking '/workspaces/GazeboRobotSimDev/install/ros_gz_gazebo/lib/python3.12/site-packages'
[0.923s] Level 1:colcon.colcon_core.environment:checking '/workspaces/GazeboRobotSimDev/install/ros_gz_gazebo/bin'
[0.923s] INFO:colcon.colcon_core.shell:Creating package script '/workspaces/GazeboRobotSimDev/install/ros_gz_gazebo/share/ros_gz_gazebo/package.ps1'
[0.924s] INFO:colcon.colcon_core.shell:Creating package descriptor '/workspaces/GazeboRobotSimDev/install/ros_gz_gazebo/share/ros_gz_gazebo/package.dsv'
[0.924s] INFO:colcon.colcon_core.shell:Creating package script '/workspaces/GazeboRobotSimDev/install/ros_gz_gazebo/share/ros_gz_gazebo/package.sh'
[0.924s] INFO:colcon.colcon_core.shell:Creating package script '/workspaces/GazeboRobotSimDev/install/ros_gz_gazebo/share/ros_gz_gazebo/package.bash'
[0.924s] INFO:colcon.colcon_core.shell:Creating package script '/workspaces/GazeboRobotSimDev/install/ros_gz_gazebo/share/ros_gz_gazebo/package.zsh'
[0.924s] Level 1:colcon.colcon_core.environment:create_file_with_runtime_dependencies(/workspaces/GazeboRobotSimDev/install/ros_gz_gazebo/share/colcon-core/packages/ros_gz_gazebo)
[0.925s] Level 1:colcon.colcon_core.environment:create_environment_scripts_only(ros_gz_gazebo)
[0.925s] Level 1:colcon.colcon_core.environment:checking '/workspaces/GazeboRobotSimDev/install/ros_gz_gazebo' for CMake module files
[0.925s] Level 1:colcon.colcon_core.environment:checking '/workspaces/GazeboRobotSimDev/install/ros_gz_gazebo' for CMake config files
[0.925s] Level 1:colcon.colcon_core.shell:create_environment_hook('ros_gz_gazebo', 'cmake_prefix_path')
[0.925s] INFO:colcon.colcon_core.shell:Creating environment hook '/workspaces/GazeboRobotSimDev/install/ros_gz_gazebo/share/ros_gz_gazebo/hook/cmake_prefix_path.ps1'
[0.925s] INFO:colcon.colcon_core.shell:Creating environment descriptor '/workspaces/GazeboRobotSimDev/install/ros_gz_gazebo/share/ros_gz_gazebo/hook/cmake_prefix_path.dsv'
[0.926s] INFO:colcon.colcon_core.shell:Creating environment hook '/workspaces/GazeboRobotSimDev/install/ros_gz_gazebo/share/ros_gz_gazebo/hook/cmake_prefix_path.sh'
[0.926s] Level 1:colcon.colcon_core.environment:checking '/workspaces/GazeboRobotSimDev/install/ros_gz_gazebo/bin'
[0.926s] Level 1:colcon.colcon_core.environment:checking '/workspaces/GazeboRobotSimDev/install/ros_gz_gazebo/lib/pkgconfig/ros_gz_gazebo.pc'
[0.926s] Level 1:colcon.colcon_core.environment:checking '/workspaces/GazeboRobotSimDev/install/ros_gz_gazebo/lib/python3.12/site-packages'
[0.926s] Level 1:colcon.colcon_core.environment:checking '/workspaces/GazeboRobotSimDev/install/ros_gz_gazebo/bin'
[0.926s] INFO:colcon.colcon_core.shell:Creating package script '/workspaces/GazeboRobotSimDev/install/ros_gz_gazebo/share/ros_gz_gazebo/package.ps1'
[0.927s] INFO:colcon.colcon_core.shell:Creating package descriptor '/workspaces/GazeboRobotSimDev/install/ros_gz_gazebo/share/ros_gz_gazebo/package.dsv'
[0.927s] INFO:colcon.colcon_core.shell:Creating package script '/workspaces/GazeboRobotSimDev/install/ros_gz_gazebo/share/ros_gz_gazebo/package.sh'
[0.928s] INFO:colcon.colcon_core.shell:Creating package script '/workspaces/GazeboRobotSimDev/install/ros_gz_gazebo/share/ros_gz_gazebo/package.bash'
[0.928s] INFO:colcon.colcon_core.shell:Creating package script '/workspaces/GazeboRobotSimDev/install/ros_gz_gazebo/share/ros_gz_gazebo/package.zsh'
[0.928s] Level 1:colcon.colcon_core.environment:create_file_with_runtime_dependencies(/workspaces/GazeboRobotSimDev/install/ros_gz_gazebo/share/colcon-core/packages/ros_gz_gazebo)
[0.929s] Level 1:colcon.colcon_core.environment:create_environment_scripts_only(ros_gz_description)
[0.929s] Level 1:colcon.colcon_core.environment:checking '/workspaces/GazeboRobotSimDev/install/ros_gz_description' for CMake module files
[0.929s] DEBUG:colcon.colcon_core.event_handler.log_command:Invoked command in '/workspaces/GazeboRobotSimDev/build/ros_gz_description' returned '0': CMAKE_PREFIX_PATH=${CMAKE_PREFIX_PATH}:/opt/ros/jazzy /usr/bin/cmake --install /workspaces/GazeboRobotSimDev/build/ros_gz_description
[0.930s] Level 1:colcon.colcon_core.environment:checking '/workspaces/GazeboRobotSimDev/install/ros_gz_description' for CMake config files
[0.930s] Level 1:colcon.colcon_core.shell:create_environment_hook('ros_gz_description', 'cmake_prefix_path')
[0.930s] INFO:colcon.colcon_core.shell:Creating environment hook '/workspaces/GazeboRobotSimDev/install/ros_gz_description/share/ros_gz_description/hook/cmake_prefix_path.ps1'
[0.930s] INFO:colcon.colcon_core.shell:Creating environment descriptor '/workspaces/GazeboRobotSimDev/install/ros_gz_description/share/ros_gz_description/hook/cmake_prefix_path.dsv'
[0.931s] INFO:colcon.colcon_core.shell:Creating environment hook '/workspaces/GazeboRobotSimDev/install/ros_gz_description/share/ros_gz_description/hook/cmake_prefix_path.sh'
[0.931s] Level 1:colcon.colcon_core.environment:checking '/workspaces/GazeboRobotSimDev/install/ros_gz_description/bin'
[0.931s] Level 1:colcon.colcon_core.environment:checking '/workspaces/GazeboRobotSimDev/install/ros_gz_description/lib/pkgconfig/ros_gz_description.pc'
[0.931s] Level 1:colcon.colcon_core.environment:checking '/workspaces/GazeboRobotSimDev/install/ros_gz_description/lib/python3.12/site-packages'
[0.931s] Level 1:colcon.colcon_core.environment:checking '/workspaces/GazeboRobotSimDev/install/ros_gz_description/bin'
[0.931s] INFO:colcon.colcon_core.shell:Creating package script '/workspaces/GazeboRobotSimDev/install/ros_gz_description/share/ros_gz_description/package.ps1'
[0.931s] INFO:colcon.colcon_core.shell:Creating package descriptor '/workspaces/GazeboRobotSimDev/install/ros_gz_description/share/ros_gz_description/package.dsv'
[0.932s] INFO:colcon.colcon_core.shell:Creating package script '/workspaces/GazeboRobotSimDev/install/ros_gz_description/share/ros_gz_description/package.sh'
[0.932s] INFO:colcon.colcon_core.shell:Creating package script '/workspaces/GazeboRobotSimDev/install/ros_gz_description/share/ros_gz_description/package.bash'
[0.932s] INFO:colcon.colcon_core.shell:Creating package script '/workspaces/GazeboRobotSimDev/install/ros_gz_description/share/ros_gz_description/package.zsh'
[0.932s] Level 1:colcon.colcon_core.environment:create_file_with_runtime_dependencies(/workspaces/GazeboRobotSimDev/install/ros_gz_description/share/colcon-core/packages/ros_gz_description)
[0.932s] Level 1:colcon.colcon_core.environment:create_environment_scripts_only(ros_gz_description)
[0.932s] Level 1:colcon.colcon_core.environment:checking '/workspaces/GazeboRobotSimDev/install/ros_gz_description' for CMake module files
[0.933s] Level 1:colcon.colcon_core.environment:checking '/workspaces/GazeboRobotSimDev/install/ros_gz_description' for CMake config files
[0.933s] Level 1:colcon.colcon_core.shell:create_environment_hook('ros_gz_description', 'cmake_prefix_path')
[0.933s] INFO:colcon.colcon_core.shell:Creating environment hook '/workspaces/GazeboRobotSimDev/install/ros_gz_description/share/ros_gz_description/hook/cmake_prefix_path.ps1'
[0.933s] INFO:colcon.colcon_core.shell:Creating environment descriptor '/workspaces/GazeboRobotSimDev/install/ros_gz_description/share/ros_gz_description/hook/cmake_prefix_path.dsv'
[0.933s] INFO:colcon.colcon_core.shell:Creating environment hook '/workspaces/GazeboRobotSimDev/install/ros_gz_description/share/ros_gz_description/hook/cmake_prefix_path.sh'
[0.933s] Level 1:colcon.colcon_core.environment:checking '/workspaces/GazeboRobotSimDev/install/ros_gz_description/bin'
[0.933s] Level 1:colcon.colcon_core.environment:checking '/workspaces/GazeboRobotSimDev/install/ros_gz_description/lib/pkgconfig/ros_gz_description.pc'
[0.934s] Level 1:colcon.colcon_core.environment:checking '/workspaces/GazeboRobotSimDev/install/ros_gz_description/lib/python3.12/site-packages'
[0.934s] Level 1:colcon.colcon_core.environment:checking '/workspaces/GazeboRobotSimDev/install/ros_gz_description/bin'
[0.934s] INFO:colcon.colcon_core.shell:Creating package script '/workspaces/GazeboRobotSimDev/install/ros_gz_description/share/ros_gz_description/package.ps1'
[0.934s] INFO:colcon.colcon_core.shell:Creating package descriptor '/workspaces/GazeboRobotSimDev/install/ros_gz_description/share/ros_gz_description/package.dsv'
[0.934s] INFO:colcon.colcon_core.shell:Creating package script '/workspaces/GazeboRobotSimDev/install/ros_gz_description/share/ros_gz_description/package.sh'
[0.935s] INFO:colcon.colcon_core.shell:Creating package script '/workspaces/GazeboRobotSimDev/install/ros_gz_description/share/ros_gz_description/package.bash'
[0.935s] INFO:colcon.colcon_core.shell:Creating package script '/workspaces/GazeboRobotSimDev/install/ros_gz_description/share/ros_gz_description/package.zsh'
[0.935s] Level 1:colcon.colcon_core.environment:create_file_with_runtime_dependencies(/workspaces/GazeboRobotSimDev/install/ros_gz_description/share/colcon-core/packages/ros_gz_description)
[0.935s] INFO:colcon.colcon_ros.task.ament_cmake.build:Building ROS package in '/workspaces/GazeboRobotSimDev/ros_gz_bringup' with build type 'ament_cmake'
[0.935s] INFO:colcon.colcon_cmake.task.cmake.build:Building CMake package in '/workspaces/GazeboRobotSimDev/ros_gz_bringup'
[0.936s] INFO:colcon.colcon_core.shell:Skip shell extension 'powershell' for command environment: Not usable outside of PowerShell
[0.936s] DEBUG:colcon.colcon_core.shell:Skip shell extension 'dsv' for command environment
[0.944s] DEBUG:colcon.colcon_core.event_handler.log_command:Invoking command in '/workspaces/GazeboRobotSimDev/build/ros_gz_bringup': AMENT_PREFIX_PATH=/workspaces/GazeboRobotSimDev/install/ros_gz_gazebo:/workspaces/GazeboRobotSimDev/install/ros_gz_description:/workspaces/GazeboRobotSimDev/install/ros_gz_application:${AMENT_PREFIX_PATH} CMAKE_PREFIX_PATH=/workspaces/GazeboRobotSimDev/install/ros_gz_gazebo:/workspaces/GazeboRobotSimDev/install/ros_gz_description:/workspaces/GazeboRobotSimDev/install/ros_gz_application:/opt/ros/jazzy/opt/gz_sim_vendor:/opt/ros/jazzy/opt/gz_sensors_vendor:/opt/ros/jazzy/opt/gz_physics_vendor:/opt/ros/jazzy/opt/sdformat_vendor:/opt/ros/jazzy/opt/gz_gui_vendor:/opt/ros/jazzy/opt/gz_transport_vendor:/opt/ros/jazzy/opt/gz_rendering_vendor:/opt/ros/jazzy/opt/gz_plugin_vendor:/opt/ros/jazzy/opt/gz_fuel_tools_vendor:/opt/ros/jazzy/opt/gz_msgs_vendor:/opt/ros/jazzy/opt/gz_common_vendor:/opt/ros/jazzy/opt/gz_math_vendor:/opt/ros/jazzy/opt/gz_utils_vendor:/opt/ros/jazzy/opt/gz_tools_vendor:/opt/ros/jazzy/opt/gz_ogre_next_vendor:/opt/ros/jazzy/opt/gz_dartsim_vendor:/opt/ros/jazzy/opt/gz_cmake_vendor:/opt/ros/jazzy /usr/bin/cmake /workspaces/GazeboRobotSimDev/ros_gz_bringup -DCMAKE_INSTALL_PREFIX=/workspaces/GazeboRobotSimDev/install/ros_gz_bringup
[1.354s] DEBUG:colcon.colcon_core.event_handler.log_command:Invoked command in '/workspaces/GazeboRobotSimDev/build/ros_gz_bringup' returned '0': AMENT_PREFIX_PATH=/workspaces/GazeboRobotSimDev/install/ros_gz_gazebo:/workspaces/GazeboRobotSimDev/install/ros_gz_description:/workspaces/GazeboRobotSimDev/install/ros_gz_application:${AMENT_PREFIX_PATH} CMAKE_PREFIX_PATH=/workspaces/GazeboRobotSimDev/install/ros_gz_gazebo:/workspaces/GazeboRobotSimDev/install/ros_gz_description:/workspaces/GazeboRobotSimDev/install/ros_gz_application:/opt/ros/jazzy/opt/gz_sim_vendor:/opt/ros/jazzy/opt/gz_sensors_vendor:/opt/ros/jazzy/opt/gz_physics_vendor:/opt/ros/jazzy/opt/sdformat_vendor:/opt/ros/jazzy/opt/gz_gui_vendor:/opt/ros/jazzy/opt/gz_transport_vendor:/opt/ros/jazzy/opt/gz_rendering_vendor:/opt/ros/jazzy/opt/gz_plugin_vendor:/opt/ros/jazzy/opt/gz_fuel_tools_vendor:/opt/ros/jazzy/opt/gz_msgs_vendor:/opt/ros/jazzy/opt/gz_common_vendor:/opt/ros/jazzy/opt/gz_math_vendor:/opt/ros/jazzy/opt/gz_utils_vendor:/opt/ros/jazzy/opt/gz_tools_vendor:/opt/ros/jazzy/opt/gz_ogre_next_vendor:/opt/ros/jazzy/opt/gz_dartsim_vendor:/opt/ros/jazzy/opt/gz_cmake_vendor:/opt/ros/jazzy /usr/bin/cmake /workspaces/GazeboRobotSimDev/ros_gz_bringup -DCMAKE_INSTALL_PREFIX=/workspaces/GazeboRobotSimDev/install/ros_gz_bringup
[1.355s] DEBUG:colcon.colcon_core.event_handler.log_command:Invoking command in '/workspaces/GazeboRobotSimDev/build/ros_gz_bringup': AMENT_PREFIX_PATH=/workspaces/GazeboRobotSimDev/install/ros_gz_gazebo:/workspaces/GazeboRobotSimDev/install/ros_gz_description:/workspaces/GazeboRobotSimDev/install/ros_gz_application:${AMENT_PREFIX_PATH} CMAKE_PREFIX_PATH=/workspaces/GazeboRobotSimDev/install/ros_gz_gazebo:/workspaces/GazeboRobotSimDev/install/ros_gz_description:/workspaces/GazeboRobotSimDev/install/ros_gz_application:/opt/ros/jazzy/opt/gz_sim_vendor:/opt/ros/jazzy/opt/gz_sensors_vendor:/opt/ros/jazzy/opt/gz_physics_vendor:/opt/ros/jazzy/opt/sdformat_vendor:/opt/ros/jazzy/opt/gz_gui_vendor:/opt/ros/jazzy/opt/gz_transport_vendor:/opt/ros/jazzy/opt/gz_rendering_vendor:/opt/ros/jazzy/opt/gz_plugin_vendor:/opt/ros/jazzy/opt/gz_fuel_tools_vendor:/opt/ros/jazzy/opt/gz_msgs_vendor:/opt/ros/jazzy/opt/gz_common_vendor:/opt/ros/jazzy/opt/gz_math_vendor:/opt/ros/jazzy/opt/gz_utils_vendor:/opt/ros/jazzy/opt/gz_tools_vendor:/opt/ros/jazzy/opt/gz_ogre_next_vendor:/opt/ros/jazzy/opt/gz_dartsim_vendor:/opt/ros/jazzy/opt/gz_cmake_vendor:/opt/ros/jazzy /usr/bin/cmake --build /workspaces/GazeboRobotSimDev/build/ros_gz_bringup -- -j32 -l32
[1.376s] DEBUG:colcon.colcon_core.event_handler.log_command:Invoked command in '/workspaces/GazeboRobotSimDev/build/ros_gz_bringup' returned '0': AMENT_PREFIX_PATH=/workspaces/GazeboRobotSimDev/install/ros_gz_gazebo:/workspaces/GazeboRobotSimDev/install/ros_gz_description:/workspaces/GazeboRobotSimDev/install/ros_gz_application:${AMENT_PREFIX_PATH} CMAKE_PREFIX_PATH=/workspaces/GazeboRobotSimDev/install/ros_gz_gazebo:/workspaces/GazeboRobotSimDev/install/ros_gz_description:/workspaces/GazeboRobotSimDev/install/ros_gz_application:/opt/ros/jazzy/opt/gz_sim_vendor:/opt/ros/jazzy/opt/gz_sensors_vendor:/opt/ros/jazzy/opt/gz_physics_vendor:/opt/ros/jazzy/opt/sdformat_vendor:/opt/ros/jazzy/opt/gz_gui_vendor:/opt/ros/jazzy/opt/gz_transport_vendor:/opt/ros/jazzy/opt/gz_rendering_vendor:/opt/ros/jazzy/opt/gz_plugin_vendor:/opt/ros/jazzy/opt/gz_fuel_tools_vendor:/opt/ros/jazzy/opt/gz_msgs_vendor:/opt/ros/jazzy/opt/gz_common_vendor:/opt/ros/jazzy/opt/gz_math_vendor:/opt/ros/jazzy/opt/gz_utils_vendor:/opt/ros/jazzy/opt/gz_tools_vendor:/opt/ros/jazzy/opt/gz_ogre_next_vendor:/opt/ros/jazzy/opt/gz_dartsim_vendor:/opt/ros/jazzy/opt/gz_cmake_vendor:/opt/ros/jazzy /usr/bin/cmake --build /workspaces/GazeboRobotSimDev/build/ros_gz_bringup -- -j32 -l32
[1.377s] DEBUG:colcon.colcon_core.event_handler.log_command:Invoking command in '/workspaces/GazeboRobotSimDev/build/ros_gz_bringup': AMENT_PREFIX_PATH=/workspaces/GazeboRobotSimDev/install/ros_gz_gazebo:/workspaces/GazeboRobotSimDev/install/ros_gz_description:/workspaces/GazeboRobotSimDev/install/ros_gz_application:${AMENT_PREFIX_PATH} CMAKE_PREFIX_PATH=/workspaces/GazeboRobotSimDev/install/ros_gz_gazebo:/workspaces/GazeboRobotSimDev/install/ros_gz_description:/workspaces/GazeboRobotSimDev/install/ros_gz_application:/opt/ros/jazzy/opt/gz_sim_vendor:/opt/ros/jazzy/opt/gz_sensors_vendor:/opt/ros/jazzy/opt/gz_physics_vendor:/opt/ros/jazzy/opt/sdformat_vendor:/opt/ros/jazzy/opt/gz_gui_vendor:/opt/ros/jazzy/opt/gz_transport_vendor:/opt/ros/jazzy/opt/gz_rendering_vendor:/opt/ros/jazzy/opt/gz_plugin_vendor:/opt/ros/jazzy/opt/gz_fuel_tools_vendor:/opt/ros/jazzy/opt/gz_msgs_vendor:/opt/ros/jazzy/opt/gz_common_vendor:/opt/ros/jazzy/opt/gz_math_vendor:/opt/ros/jazzy/opt/gz_utils_vendor:/opt/ros/jazzy/opt/gz_tools_vendor:/opt/ros/jazzy/opt/gz_ogre_next_vendor:/opt/ros/jazzy/opt/gz_dartsim_vendor:/opt/ros/jazzy/opt/gz_cmake_vendor:/opt/ros/jazzy /usr/bin/cmake --install /workspaces/GazeboRobotSimDev/build/ros_gz_bringup
[1.385s] Level 1:colcon.colcon_core.environment:create_environment_scripts_only(ros_gz_bringup)
[1.385s] Level 1:colcon.colcon_core.environment:checking '/workspaces/GazeboRobotSimDev/install/ros_gz_bringup' for CMake module files
[1.386s] DEBUG:colcon.colcon_core.event_handler.log_command:Invoked command in '/workspaces/GazeboRobotSimDev/build/ros_gz_bringup' returned '0': AMENT_PREFIX_PATH=/workspaces/GazeboRobotSimDev/install/ros_gz_gazebo:/workspaces/GazeboRobotSimDev/install/ros_gz_description:/workspaces/GazeboRobotSimDev/install/ros_gz_application:${AMENT_PREFIX_PATH} CMAKE_PREFIX_PATH=/workspaces/GazeboRobotSimDev/install/ros_gz_gazebo:/workspaces/GazeboRobotSimDev/install/ros_gz_description:/workspaces/GazeboRobotSimDev/install/ros_gz_application:/opt/ros/jazzy/opt/gz_sim_vendor:/opt/ros/jazzy/opt/gz_sensors_vendor:/opt/ros/jazzy/opt/gz_physics_vendor:/opt/ros/jazzy/opt/sdformat_vendor:/opt/ros/jazzy/opt/gz_gui_vendor:/opt/ros/jazzy/opt/gz_transport_vendor:/opt/ros/jazzy/opt/gz_rendering_vendor:/opt/ros/jazzy/opt/gz_plugin_vendor:/opt/ros/jazzy/opt/gz_fuel_tools_vendor:/opt/ros/jazzy/opt/gz_msgs_vendor:/opt/ros/jazzy/opt/gz_common_vendor:/opt/ros/jazzy/opt/gz_math_vendor:/opt/ros/jazzy/opt/gz_utils_vendor:/opt/ros/jazzy/opt/gz_tools_vendor:/opt/ros/jazzy/opt/gz_ogre_next_vendor:/opt/ros/jazzy/opt/gz_dartsim_vendor:/opt/ros/jazzy/opt/gz_cmake_vendor:/opt/ros/jazzy /usr/bin/cmake --install /workspaces/GazeboRobotSimDev/build/ros_gz_bringup
[1.386s] Level 1:colcon.colcon_core.environment:checking '/workspaces/GazeboRobotSimDev/install/ros_gz_bringup' for CMake config files
[1.386s] Level 1:colcon.colcon_core.shell:create_environment_hook('ros_gz_bringup', 'cmake_prefix_path')
[1.386s] INFO:colcon.colcon_core.shell:Creating environment hook '/workspaces/GazeboRobotSimDev/install/ros_gz_bringup/share/ros_gz_bringup/hook/cmake_prefix_path.ps1'
[1.386s] INFO:colcon.colcon_core.shell:Creating environment descriptor '/workspaces/GazeboRobotSimDev/install/ros_gz_bringup/share/ros_gz_bringup/hook/cmake_prefix_path.dsv'
[1.387s] INFO:colcon.colcon_core.shell:Creating environment hook '/workspaces/GazeboRobotSimDev/install/ros_gz_bringup/share/ros_gz_bringup/hook/cmake_prefix_path.sh'
[1.387s] Level 1:colcon.colcon_core.environment:checking '/workspaces/GazeboRobotSimDev/install/ros_gz_bringup/bin'
[1.387s] Level 1:colcon.colcon_core.environment:checking '/workspaces/GazeboRobotSimDev/install/ros_gz_bringup/lib/pkgconfig/ros_gz_bringup.pc'
[1.387s] Level 1:colcon.colcon_core.environment:checking '/workspaces/GazeboRobotSimDev/install/ros_gz_bringup/lib/python3.12/site-packages'
[1.387s] Level 1:colcon.colcon_core.environment:checking '/workspaces/GazeboRobotSimDev/install/ros_gz_bringup/bin'
[1.387s] INFO:colcon.colcon_core.shell:Creating package script '/workspaces/GazeboRobotSimDev/install/ros_gz_bringup/share/ros_gz_bringup/package.ps1'
[1.388s] INFO:colcon.colcon_core.shell:Creating package descriptor '/workspaces/GazeboRobotSimDev/install/ros_gz_bringup/share/ros_gz_bringup/package.dsv'
[1.388s] INFO:colcon.colcon_core.shell:Creating package script '/workspaces/GazeboRobotSimDev/install/ros_gz_bringup/share/ros_gz_bringup/package.sh'
[1.388s] INFO:colcon.colcon_core.shell:Creating package script '/workspaces/GazeboRobotSimDev/install/ros_gz_bringup/share/ros_gz_bringup/package.bash'
[1.388s] INFO:colcon.colcon_core.shell:Creating package script '/workspaces/GazeboRobotSimDev/install/ros_gz_bringup/share/ros_gz_bringup/package.zsh'
[1.388s] Level 1:colcon.colcon_core.environment:create_file_with_runtime_dependencies(/workspaces/GazeboRobotSimDev/install/ros_gz_bringup/share/colcon-core/packages/ros_gz_bringup)
[1.389s] Level 1:colcon.colcon_core.environment:create_environment_scripts_only(ros_gz_bringup)
[1.389s] Level 1:colcon.colcon_core.environment:checking '/workspaces/GazeboRobotSimDev/install/ros_gz_bringup' for CMake module files
[1.389s] Level 1:colcon.colcon_core.environment:checking '/workspaces/GazeboRobotSimDev/install/ros_gz_bringup' for CMake config files
[1.389s] Level 1:colcon.colcon_core.shell:create_environment_hook('ros_gz_bringup', 'cmake_prefix_path')
[1.389s] INFO:colcon.colcon_core.shell:Creating environment hook '/workspaces/GazeboRobotSimDev/install/ros_gz_bringup/share/ros_gz_bringup/hook/cmake_prefix_path.ps1'
[1.389s] INFO:colcon.colcon_core.shell:Creating environment descriptor '/workspaces/GazeboRobotSimDev/install/ros_gz_bringup/share/ros_gz_bringup/hook/cmake_prefix_path.dsv'
[1.389s] INFO:colcon.colcon_core.shell:Creating environment hook '/workspaces/GazeboRobotSimDev/install/ros_gz_bringup/share/ros_gz_bringup/hook/cmake_prefix_path.sh'
[1.390s] Level 1:colcon.colcon_core.environment:checking '/workspaces/GazeboRobotSimDev/install/ros_gz_bringup/bin'
[1.390s] Level 1:colcon.colcon_core.environment:checking '/workspaces/GazeboRobotSimDev/install/ros_gz_bringup/lib/pkgconfig/ros_gz_bringup.pc'
[1.390s] Level 1:colcon.colcon_core.environment:checking '/workspaces/GazeboRobotSimDev/install/ros_gz_bringup/lib/python3.12/site-packages'
[1.390s] Level 1:colcon.colcon_core.environment:checking '/workspaces/GazeboRobotSimDev/install/ros_gz_bringup/bin'
[1.390s] INFO:colcon.colcon_core.shell:Creating package script '/workspaces/GazeboRobotSimDev/install/ros_gz_bringup/share/ros_gz_bringup/package.ps1'
[1.390s] INFO:colcon.colcon_core.shell:Creating package descriptor '/workspaces/GazeboRobotSimDev/install/ros_gz_bringup/share/ros_gz_bringup/package.dsv'
[1.390s] INFO:colcon.colcon_core.shell:Creating package script '/workspaces/GazeboRobotSimDev/install/ros_gz_bringup/share/ros_gz_bringup/package.sh'
[1.391s] INFO:colcon.colcon_core.shell:Creating package script '/workspaces/GazeboRobotSimDev/install/ros_gz_bringup/share/ros_gz_bringup/package.bash'
[1.391s] INFO:colcon.colcon_core.shell:Creating package script '/workspaces/GazeboRobotSimDev/install/ros_gz_bringup/share/ros_gz_bringup/package.zsh'
[1.391s] Level 1:colcon.colcon_core.environment:create_file_with_runtime_dependencies(/workspaces/GazeboRobotSimDev/install/ros_gz_bringup/share/colcon-core/packages/ros_gz_bringup)
[1.391s] DEBUG:colcon.colcon_parallel_executor.executor.parallel:closing loop
[1.391s] DEBUG:colcon.colcon_parallel_executor.executor.parallel:loop closed
[1.392s] DEBUG:colcon.colcon_parallel_executor.executor.parallel:run_until_complete finished with '0'
[1.392s] DEBUG:colcon.colcon_core.event_reactor:joining thread
[1.399s] INFO:colcon.colcon_core.plugin_system:Skipping extension 'colcon_notification.desktop_notification.notify_send': Could not find 'notify-send'
[1.399s] INFO:colcon.colcon_core.plugin_system:Skipping extension 'colcon_notification.desktop_notification.terminal_notifier': Not used on non-Darwin systems
[1.399s] INFO:colcon.colcon_core.plugin_system:Skipping extension 'colcon_notification.desktop_notification.win32': Not used on non-Windows systems
[1.399s] INFO:colcon.colcon_notification.desktop_notification:Sending desktop notification using 'notify2'
[1.401s] DEBUG:colcon.colcon_notification.desktop_notification.notify2:Failed to initialize notify2: org.freedesktop.DBus.Error.Spawn.ExecFailed: /usr/bin/dbus-launch terminated abnormally without any error message
[1.401s] DEBUG:colcon.colcon_core.event_reactor:joined thread
[1.401s] INFO:colcon.colcon_core.shell:Creating prefix script '/workspaces/GazeboRobotSimDev/install/local_setup.ps1'
[1.402s] INFO:colcon.colcon_core.shell:Creating prefix util module '/workspaces/GazeboRobotSimDev/install/_local_setup_util_ps1.py'
[1.402s] INFO:colcon.colcon_core.shell:Creating prefix chain script '/workspaces/GazeboRobotSimDev/install/setup.ps1'
[1.403s] INFO:colcon.colcon_core.shell:Creating prefix script '/workspaces/GazeboRobotSimDev/install/local_setup.sh'
[1.404s] INFO:colcon.colcon_core.shell:Creating prefix util module '/workspaces/GazeboRobotSimDev/install/_local_setup_util_sh.py'
[1.404s] INFO:colcon.colcon_core.shell:Creating prefix chain script '/workspaces/GazeboRobotSimDev/install/setup.sh'
[1.404s] INFO:colcon.colcon_core.shell:Creating prefix script '/workspaces/GazeboRobotSimDev/install/local_setup.bash'
[1.405s] INFO:colcon.colcon_core.shell:Creating prefix chain script '/workspaces/GazeboRobotSimDev/install/setup.bash'
[1.406s] INFO:colcon.colcon_core.shell:Creating prefix script '/workspaces/GazeboRobotSimDev/install/local_setup.zsh'
[1.406s] INFO:colcon.colcon_core.shell:Creating prefix chain script '/workspaces/GazeboRobotSimDev/install/setup.zsh'
