[0.014s] Invoking command in '/workspaces/GazeboRobotSimDev/build/ros_gz_application': CMAKE_PREFIX_PATH=${CMAKE_PREFIX_PATH}:/opt/ros/jazzy /usr/bin/cmake --build /workspaces/GazeboRobotSimDev/build/ros_gz_application -- -j32 -l32
[0.106s] [100%] Built target ball_pail_sub
[0.112s] Invoked command in '/workspaces/GazeboRobotSimDev/build/ros_gz_application' returned '0': CMAKE_PREFIX_PATH=${CMAKE_PREFIX_PATH}:/opt/ros/jazzy /usr/bin/cmake --build /workspaces/GazeboRobotSimDev/build/ros_gz_application -- -j32 -l32
[0.119s] Invoking command in '/workspaces/GazeboRobotSimDev/build/ros_gz_application': CMAKE_PREFIX_PATH=${CMAKE_PREFIX_PATH}:/opt/ros/jazzy /usr/bin/cmake --install /workspaces/GazeboRobotSimDev/build/ros_gz_application
[0.124s] -- Install configuration: ""
[0.124s] -- Up-to-date: /workspaces/GazeboRobotSimDev/install/ros_gz_application/lib/ros_gz_application/ball_pail_sub
[0.125s] -- Up-to-date: /workspaces/GazeboRobotSimDev/install/ros_gz_application/share/ament_index/resource_index/package_run_dependencies/ros_gz_application
[0.125s] -- Up-to-date: /workspaces/GazeboRobotSimDev/install/ros_gz_application/share/ament_index/resource_index/parent_prefix_path/ros_gz_application
[0.125s] -- Up-to-date: /workspaces/GazeboRobotSimDev/install/ros_gz_application/share/ros_gz_application/environment/ament_prefix_path.sh
[0.125s] -- Up-to-date: /workspaces/GazeboRobotSimDev/install/ros_gz_application/share/ros_gz_application/environment/ament_prefix_path.dsv
[0.125s] -- Up-to-date: /workspaces/GazeboRobotSimDev/install/ros_gz_application/share/ros_gz_application/environment/path.sh
[0.125s] -- Up-to-date: /workspaces/GazeboRobotSimDev/install/ros_gz_application/share/ros_gz_application/environment/path.dsv
[0.125s] -- Up-to-date: /workspaces/GazeboRobotSimDev/install/ros_gz_application/share/ros_gz_application/local_setup.bash
[0.125s] -- Up-to-date: /workspaces/GazeboRobotSimDev/install/ros_gz_application/share/ros_gz_application/local_setup.sh
[0.125s] -- Up-to-date: /workspaces/GazeboRobotSimDev/install/ros_gz_application/share/ros_gz_application/local_setup.zsh
[0.125s] -- Up-to-date: /workspaces/GazeboRobotSimDev/install/ros_gz_application/share/ros_gz_application/local_setup.dsv
[0.125s] -- Installing: /workspaces/GazeboRobotSimDev/install/ros_gz_application/share/ros_gz_application/package.dsv
[0.125s] -- Up-to-date: /workspaces/GazeboRobotSimDev/install/ros_gz_application/share/ament_index/resource_index/packages/ros_gz_application
[0.125s] -- Up-to-date: /workspaces/GazeboRobotSimDev/install/ros_gz_application/share/ros_gz_application/cmake/ros_gz_applicationConfig.cmake
[0.126s] -- Up-to-date: /workspaces/GazeboRobotSimDev/install/ros_gz_application/share/ros_gz_application/cmake/ros_gz_applicationConfig-version.cmake
[0.126s] -- Up-to-date: /workspaces/GazeboRobotSimDev/install/ros_gz_application/share/ros_gz_application/package.xml
[0.127s] Invoked command in '/workspaces/GazeboRobotSimDev/build/ros_gz_application' returned '0': CMAKE_PREFIX_PATH=${CMAKE_PREFIX_PATH}:/opt/ros/jazzy /usr/bin/cmake --install /workspaces/GazeboRobotSimDev/build/ros_gz_application
