-- Found ament_cmake: 2.5.6 (/opt/ros/jazzy/share/ament_cmake/cmake)
-- Found Python3: /usr/bin/python3 (found version "3.12.3") found components: Interpreter 
-- Found geometry_msgs: 5.3.7 (/opt/ros/jazzy/share/geometry_msgs/cmake)
-- Found rosidl_generator_c: 4.6.7 (/opt/ros/jazzy/share/rosidl_generator_c/cmake)
-- Found rosidl_generator_cpp: 4.6.7 (/opt/ros/jazzy/share/rosidl_generator_cpp/cmake)
-- Using all available rosidl_typesupport_c: rosidl_typesupport_fastrtps_c;rosidl_typesupport_introspection_c
-- Using all available rosidl_typesupport_cpp: rosidl_typesupport_fastrtps_cpp;rosidl_typesupport_introspection_cpp
-- Found rclcpp: 28.1.18 (/opt/ros/jazzy/share/rclcpp/cmake)
-- Found rmw_implementation_cmake: 7.3.3 (/opt/ros/jazzy/share/rmw_implementation_cmake/cmake)
-- Found rmw_fastrtps_cpp: 8.4.3 (/opt/ros/jazzy/share/rmw_fastrtps_cpp/cmake)
-- Found OpenSSL: /usr/lib/x86_64-linux-gnu/libcrypto.so (found version "3.0.13")  
-- Found FastRTPS: /opt/ros/jazzy/include (Required is at least version "2.13") 
-- Using RMW implementation 'rmw_fastrtps_cpp' as default
-- Found ament_lint_auto: 0.17.5 (/opt/ros/jazzy/share/ament_lint_auto/cmake)
-- Added test 'cppcheck' to perform static code analysis on C / C++ code
-- Configured cppcheck include dirs: 
-- Configured cppcheck exclude dirs and/or files: 
-- Added test 'lint_cmake' to check CMake code style
-- Added test 'uncrustify' to check C / C++ code style
-- Configured uncrustify additional arguments: 
-- Added test 'xmllint' to check XML markup files
-- Configuring done (0.7s)
-- Generating done (0.0s)
-- Build files have been written to: /workspaces/GazeboRobotSimDev/build/ros_gz_application
[ 50%] [32mBuilding CXX object CMakeFiles/ball_pail_sub.dir/src/ball_pail_sub.cpp.o[0m
[100%] [32m[1mLinking CXX executable ball_pail_sub[0m
[100%] Built target ball_pail_sub
-- Install configuration: ""
-- Installing: /workspaces/GazeboRobotSimDev/install/ros_gz_application/lib/ros_gz_application/ball_pail_sub
-- Set non-toolchain portion of runtime path of "/workspaces/GazeboRobotSimDev/install/ros_gz_application/lib/ros_gz_application/ball_pail_sub" to ""
-- Installing: /workspaces/GazeboRobotSimDev/install/ros_gz_application/share/ament_index/resource_index/package_run_dependencies/ros_gz_application
-- Installing: /workspaces/GazeboRobotSimDev/install/ros_gz_application/share/ament_index/resource_index/parent_prefix_path/ros_gz_application
-- Installing: /workspaces/GazeboRobotSimDev/install/ros_gz_application/share/ros_gz_application/environment/ament_prefix_path.sh
-- Installing: /workspaces/GazeboRobotSimDev/install/ros_gz_application/share/ros_gz_application/environment/ament_prefix_path.dsv
-- Installing: /workspaces/GazeboRobotSimDev/install/ros_gz_application/share/ros_gz_application/environment/path.sh
-- Installing: /workspaces/GazeboRobotSimDev/install/ros_gz_application/share/ros_gz_application/environment/path.dsv
-- Installing: /workspaces/GazeboRobotSimDev/install/ros_gz_application/share/ros_gz_application/local_setup.bash
-- Installing: /workspaces/GazeboRobotSimDev/install/ros_gz_application/share/ros_gz_application/local_setup.sh
-- Installing: /workspaces/GazeboRobotSimDev/install/ros_gz_application/share/ros_gz_application/local_setup.zsh
-- Installing: /workspaces/GazeboRobotSimDev/install/ros_gz_application/share/ros_gz_application/local_setup.dsv
-- Installing: /workspaces/GazeboRobotSimDev/install/ros_gz_application/share/ros_gz_application/package.dsv
-- Installing: /workspaces/GazeboRobotSimDev/install/ros_gz_application/share/ament_index/resource_index/packages/ros_gz_application
-- Installing: /workspaces/GazeboRobotSimDev/install/ros_gz_application/share/ros_gz_application/cmake/ros_gz_applicationConfig.cmake
-- Installing: /workspaces/GazeboRobotSimDev/install/ros_gz_application/share/ros_gz_application/cmake/ros_gz_applicationConfig-version.cmake
-- Installing: /workspaces/GazeboRobotSimDev/install/ros_gz_application/share/ros_gz_application/package.xml
