[0.010s] Invoking command in '/workspaces/GazeboRobotSimDev/build/ros_gz_application': CMAKE_PREFIX_PATH=${CMAKE_PREFIX_PATH}:/opt/ros/jazzy /usr/bin/cmake /workspaces/GazeboRobotSimDev/ros_gz_application -DCMAKE_INSTALL_PREFIX=/workspaces/GazeboRobotSimDev/install/ros_gz_application
[0.043s] -- Found ament_cmake: 2.5.6 (/opt/ros/jazzy/share/ament_cmake/cmake)
[0.134s] -- Found Python3: /usr/bin/python3 (found version "3.12.3") found components: Interpreter 
[0.225s] -- Found geometry_msgs: 5.3.7 (/opt/ros/jazzy/share/geometry_msgs/cmake)
[0.276s] -- Found rosidl_generator_c: 4.6.7 (/opt/ros/jazzy/share/rosidl_generator_c/cmake)
[0.291s] -- Found rosidl_generator_cpp: 4.6.7 (/opt/ros/jazzy/share/rosidl_generator_cpp/cmake)
[0.310s] -- Using all available rosidl_typesupport_c: rosidl_typesupport_fastrtps_c;rosidl_typesupport_introspection_c
[0.327s] -- Using all available rosidl_typesupport_cpp: rosidl_typesupport_fastrtps_cpp;rosidl_typesupport_introspection_cpp
[0.371s] -- Found rclcpp: 28.1.18 (/opt/ros/jazzy/share/rclcpp/cmake)
[0.434s] -- Found rmw_implementation_cmake: 7.3.3 (/opt/ros/jazzy/share/rmw_implementation_cmake/cmake)
[0.438s] -- Found rmw_fastrtps_cpp: 8.4.3 (/opt/ros/jazzy/share/rmw_fastrtps_cpp/cmake)
[0.512s] -- Found OpenSSL: /usr/lib/x86_64-linux-gnu/libcrypto.so (found version "3.0.13")  
[0.524s] -- Found FastRTPS: /opt/ros/jazzy/include (Required is at least version "2.13") 
[0.539s] -- Using RMW implementation 'rmw_fastrtps_cpp' as default
[0.601s] -- Found ament_lint_auto: 0.17.5 (/opt/ros/jazzy/share/ament_lint_auto/cmake)
[0.672s] -- Added test 'cppcheck' to perform static code analysis on C / C++ code
[0.672s] -- Configured cppcheck include dirs: 
[0.672s] -- Configured cppcheck exclude dirs and/or files: 
[0.673s] -- Added test 'lint_cmake' to check CMake code style
[0.674s] -- Added test 'uncrustify' to check C / C++ code style
[0.674s] -- Configured uncrustify additional arguments: 
[0.675s] -- Added test 'xmllint' to check XML markup files
[0.677s] -- Configuring done (0.7s)
[0.685s] -- Generating done (0.0s)
[0.687s] -- Build files have been written to: /workspaces/GazeboRobotSimDev/build/ros_gz_application
[0.691s] Invoked command in '/workspaces/GazeboRobotSimDev/build/ros_gz_application' returned '0': CMAKE_PREFIX_PATH=${CMAKE_PREFIX_PATH}:/opt/ros/jazzy /usr/bin/cmake /workspaces/GazeboRobotSimDev/ros_gz_application -DCMAKE_INSTALL_PREFIX=/workspaces/GazeboRobotSimDev/install/ros_gz_application
[0.692s] Invoking command in '/workspaces/GazeboRobotSimDev/build/ros_gz_application': CMAKE_PREFIX_PATH=${CMAKE_PREFIX_PATH}:/opt/ros/jazzy /usr/bin/cmake --build /workspaces/GazeboRobotSimDev/build/ros_gz_application -- -j32 -l32
[0.723s] [ 50%] [32mBuilding CXX object CMakeFiles/ball_pail_sub.dir/src/ball_pail_sub.cpp.o[0m
[5.448s] [100%] [32m[1mLinking CXX executable ball_pail_sub[0m
[5.663s] [100%] Built target ball_pail_sub
[5.669s] Invoked command in '/workspaces/GazeboRobotSimDev/build/ros_gz_application' returned '0': CMAKE_PREFIX_PATH=${CMAKE_PREFIX_PATH}:/opt/ros/jazzy /usr/bin/cmake --build /workspaces/GazeboRobotSimDev/build/ros_gz_application -- -j32 -l32
[5.674s] Invoking command in '/workspaces/GazeboRobotSimDev/build/ros_gz_application': CMAKE_PREFIX_PATH=${CMAKE_PREFIX_PATH}:/opt/ros/jazzy /usr/bin/cmake --install /workspaces/GazeboRobotSimDev/build/ros_gz_application
[5.679s] -- Install configuration: ""
[5.679s] -- Installing: /workspaces/GazeboRobotSimDev/install/ros_gz_application/lib/ros_gz_application/ball_pail_sub
[5.682s] -- Set non-toolchain portion of runtime path of "/workspaces/GazeboRobotSimDev/install/ros_gz_application/lib/ros_gz_application/ball_pail_sub" to ""
[5.682s] -- Installing: /workspaces/GazeboRobotSimDev/install/ros_gz_application/share/ament_index/resource_index/package_run_dependencies/ros_gz_application
[5.682s] -- Installing: /workspaces/GazeboRobotSimDev/install/ros_gz_application/share/ament_index/resource_index/parent_prefix_path/ros_gz_application
[5.682s] -- Installing: /workspaces/GazeboRobotSimDev/install/ros_gz_application/share/ros_gz_application/environment/ament_prefix_path.sh
[5.682s] -- Installing: /workspaces/GazeboRobotSimDev/install/ros_gz_application/share/ros_gz_application/environment/ament_prefix_path.dsv
[5.682s] -- Installing: /workspaces/GazeboRobotSimDev/install/ros_gz_application/share/ros_gz_application/environment/path.sh
[5.683s] -- Installing: /workspaces/GazeboRobotSimDev/install/ros_gz_application/share/ros_gz_application/environment/path.dsv
[5.683s] -- Installing: /workspaces/GazeboRobotSimDev/install/ros_gz_application/share/ros_gz_application/local_setup.bash
[5.683s] -- Installing: /workspaces/GazeboRobotSimDev/install/ros_gz_application/share/ros_gz_application/local_setup.sh
[5.683s] -- Installing: /workspaces/GazeboRobotSimDev/install/ros_gz_application/share/ros_gz_application/local_setup.zsh
[5.683s] -- Installing: /workspaces/GazeboRobotSimDev/install/ros_gz_application/share/ros_gz_application/local_setup.dsv
[5.684s] -- Installing: /workspaces/GazeboRobotSimDev/install/ros_gz_application/share/ros_gz_application/package.dsv
[5.684s] -- Installing: /workspaces/GazeboRobotSimDev/install/ros_gz_application/share/ament_index/resource_index/packages/ros_gz_application
[5.684s] -- Installing: /workspaces/GazeboRobotSimDev/install/ros_gz_application/share/ros_gz_application/cmake/ros_gz_applicationConfig.cmake
[5.684s] -- Installing: /workspaces/GazeboRobotSimDev/install/ros_gz_application/share/ros_gz_application/cmake/ros_gz_applicationConfig-version.cmake
[5.685s] -- Installing: /workspaces/GazeboRobotSimDev/install/ros_gz_application/share/ros_gz_application/package.xml
[5.686s] Invoked command in '/workspaces/GazeboRobotSimDev/build/ros_gz_application' returned '0': CMAKE_PREFIX_PATH=${CMAKE_PREFIX_PATH}:/opt/ros/jazzy /usr/bin/cmake --install /workspaces/GazeboRobotSimDev/build/ros_gz_application
