[0.008s] Invoking command in '/workspaces/GazeboRobotSimDev/build/ros_gz_bringup': AMENT_PREFIX_PATH=/workspaces/GazeboRobotSimDev/install/ros_gz_gazebo:/workspaces/GazeboRobotSimDev/install/ros_gz_description:/workspaces/GazeboRobotSimDev/install/ros_gz_application:${AMENT_PREFIX_PATH} CMAKE_PREFIX_PATH=/workspaces/GazeboRobotSimDev/install/ros_gz_gazebo:/workspaces/GazeboRobotSimDev/install/ros_gz_description:/workspaces/GazeboRobotSimDev/install/ros_gz_application:/opt/ros/jazzy/opt/gz_sim_vendor:/opt/ros/jazzy/opt/gz_sensors_vendor:/opt/ros/jazzy/opt/gz_physics_vendor:/opt/ros/jazzy/opt/sdformat_vendor:/opt/ros/jazzy/opt/gz_gui_vendor:/opt/ros/jazzy/opt/gz_transport_vendor:/opt/ros/jazzy/opt/gz_rendering_vendor:/opt/ros/jazzy/opt/gz_plugin_vendor:/opt/ros/jazzy/opt/gz_fuel_tools_vendor:/opt/ros/jazzy/opt/gz_msgs_vendor:/opt/ros/jazzy/opt/gz_common_vendor:/opt/ros/jazzy/opt/gz_math_vendor:/opt/ros/jazzy/opt/gz_utils_vendor:/opt/ros/jazzy/opt/gz_tools_vendor:/opt/ros/jazzy/opt/gz_ogre_next_vendor:/opt/ros/jazzy/opt/gz_dartsim_vendor:/opt/ros/jazzy/opt/gz_cmake_vendor:/opt/ros/jazzy /usr/bin/cmake /workspaces/GazeboRobotSimDev/ros_gz_bringup -DCMAKE_INSTALL_PREFIX=/workspaces/GazeboRobotSimDev/install/ros_gz_bringup
[0.037s] -- The C compiler identification is GNU 13.3.0
[0.065s] -- The CXX compiler identification is GNU 13.3.0
[0.074s] -- Detecting C compiler ABI info
[0.121s] -- Detecting C compiler ABI info - done
[0.126s] -- Check for working C compiler: /usr/bin/cc - skipped
[0.126s] -- Detecting C compile features
[0.126s] -- Detecting C compile features - done
[0.131s] -- Detecting CXX compiler ABI info
[0.183s] -- Detecting CXX compiler ABI info - done
[0.188s] -- Check for working CXX compiler: /usr/bin/c++ - skipped
[0.188s] -- Detecting CXX compile features
[0.188s] -- Detecting CXX compile features - done
[0.191s] -- Found ament_cmake: 2.5.6 (/opt/ros/jazzy/share/ament_cmake/cmake)
[0.272s] -- Found Python3: /usr/bin/python3 (found version "3.12.3") found components: Interpreter 
[0.341s] -- Found ament_lint_auto: 0.17.5 (/opt/ros/jazzy/share/ament_lint_auto/cmake)
[0.409s] -- Added test 'flake8' to check Python code syntax and style conventions
[0.409s] -- Configured 'flake8' exclude dirs and/or files: 
[0.410s] -- Added test 'lint_cmake' to check CMake code style
[0.410s] -- Added test 'pep257' to check Python code against some of the docstring style conventions in PEP 257
[0.411s] -- Added test 'xmllint' to check XML markup files
[0.412s] -- Configuring done (0.4s)
[0.414s] -- Generating done (0.0s)
[0.415s] -- Build files have been written to: /workspaces/GazeboRobotSimDev/build/ros_gz_bringup
[0.418s] Invoked command in '/workspaces/GazeboRobotSimDev/build/ros_gz_bringup' returned '0': AMENT_PREFIX_PATH=/workspaces/GazeboRobotSimDev/install/ros_gz_gazebo:/workspaces/GazeboRobotSimDev/install/ros_gz_description:/workspaces/GazeboRobotSimDev/install/ros_gz_application:${AMENT_PREFIX_PATH} CMAKE_PREFIX_PATH=/workspaces/GazeboRobotSimDev/install/ros_gz_gazebo:/workspaces/GazeboRobotSimDev/install/ros_gz_description:/workspaces/GazeboRobotSimDev/install/ros_gz_application:/opt/ros/jazzy/opt/gz_sim_vendor:/opt/ros/jazzy/opt/gz_sensors_vendor:/opt/ros/jazzy/opt/gz_physics_vendor:/opt/ros/jazzy/opt/sdformat_vendor:/opt/ros/jazzy/opt/gz_gui_vendor:/opt/ros/jazzy/opt/gz_transport_vendor:/opt/ros/jazzy/opt/gz_rendering_vendor:/opt/ros/jazzy/opt/gz_plugin_vendor:/opt/ros/jazzy/opt/gz_fuel_tools_vendor:/opt/ros/jazzy/opt/gz_msgs_vendor:/opt/ros/jazzy/opt/gz_common_vendor:/opt/ros/jazzy/opt/gz_math_vendor:/opt/ros/jazzy/opt/gz_utils_vendor:/opt/ros/jazzy/opt/gz_tools_vendor:/opt/ros/jazzy/opt/gz_ogre_next_vendor:/opt/ros/jazzy/opt/gz_dartsim_vendor:/opt/ros/jazzy/opt/gz_cmake_vendor:/opt/ros/jazzy /usr/bin/cmake /workspaces/GazeboRobotSimDev/ros_gz_bringup -DCMAKE_INSTALL_PREFIX=/workspaces/GazeboRobotSimDev/install/ros_gz_bringup
[0.419s] Invoking command in '/workspaces/GazeboRobotSimDev/build/ros_gz_bringup': AMENT_PREFIX_PATH=/workspaces/GazeboRobotSimDev/install/ros_gz_gazebo:/workspaces/GazeboRobotSimDev/install/ros_gz_description:/workspaces/GazeboRobotSimDev/install/ros_gz_application:${AMENT_PREFIX_PATH} CMAKE_PREFIX_PATH=/workspaces/GazeboRobotSimDev/install/ros_gz_gazebo:/workspaces/GazeboRobotSimDev/install/ros_gz_description:/workspaces/GazeboRobotSimDev/install/ros_gz_application:/opt/ros/jazzy/opt/gz_sim_vendor:/opt/ros/jazzy/opt/gz_sensors_vendor:/opt/ros/jazzy/opt/gz_physics_vendor:/opt/ros/jazzy/opt/sdformat_vendor:/opt/ros/jazzy/opt/gz_gui_vendor:/opt/ros/jazzy/opt/gz_transport_vendor:/opt/ros/jazzy/opt/gz_rendering_vendor:/opt/ros/jazzy/opt/gz_plugin_vendor:/opt/ros/jazzy/opt/gz_fuel_tools_vendor:/opt/ros/jazzy/opt/gz_msgs_vendor:/opt/ros/jazzy/opt/gz_common_vendor:/opt/ros/jazzy/opt/gz_math_vendor:/opt/ros/jazzy/opt/gz_utils_vendor:/opt/ros/jazzy/opt/gz_tools_vendor:/opt/ros/jazzy/opt/gz_ogre_next_vendor:/opt/ros/jazzy/opt/gz_dartsim_vendor:/opt/ros/jazzy/opt/gz_cmake_vendor:/opt/ros/jazzy /usr/bin/cmake --build /workspaces/GazeboRobotSimDev/build/ros_gz_bringup -- -j32 -l32
[0.440s] Invoked command in '/workspaces/GazeboRobotSimDev/build/ros_gz_bringup' returned '0': AMENT_PREFIX_PATH=/workspaces/GazeboRobotSimDev/install/ros_gz_gazebo:/workspaces/GazeboRobotSimDev/install/ros_gz_description:/workspaces/GazeboRobotSimDev/install/ros_gz_application:${AMENT_PREFIX_PATH} CMAKE_PREFIX_PATH=/workspaces/GazeboRobotSimDev/install/ros_gz_gazebo:/workspaces/GazeboRobotSimDev/install/ros_gz_description:/workspaces/GazeboRobotSimDev/install/ros_gz_application:/opt/ros/jazzy/opt/gz_sim_vendor:/opt/ros/jazzy/opt/gz_sensors_vendor:/opt/ros/jazzy/opt/gz_physics_vendor:/opt/ros/jazzy/opt/sdformat_vendor:/opt/ros/jazzy/opt/gz_gui_vendor:/opt/ros/jazzy/opt/gz_transport_vendor:/opt/ros/jazzy/opt/gz_rendering_vendor:/opt/ros/jazzy/opt/gz_plugin_vendor:/opt/ros/jazzy/opt/gz_fuel_tools_vendor:/opt/ros/jazzy/opt/gz_msgs_vendor:/opt/ros/jazzy/opt/gz_common_vendor:/opt/ros/jazzy/opt/gz_math_vendor:/opt/ros/jazzy/opt/gz_utils_vendor:/opt/ros/jazzy/opt/gz_tools_vendor:/opt/ros/jazzy/opt/gz_ogre_next_vendor:/opt/ros/jazzy/opt/gz_dartsim_vendor:/opt/ros/jazzy/opt/gz_cmake_vendor:/opt/ros/jazzy /usr/bin/cmake --build /workspaces/GazeboRobotSimDev/build/ros_gz_bringup -- -j32 -l32
[0.441s] Invoking command in '/workspaces/GazeboRobotSimDev/build/ros_gz_bringup': AMENT_PREFIX_PATH=/workspaces/GazeboRobotSimDev/install/ros_gz_gazebo:/workspaces/GazeboRobotSimDev/install/ros_gz_description:/workspaces/GazeboRobotSimDev/install/ros_gz_application:${AMENT_PREFIX_PATH} CMAKE_PREFIX_PATH=/workspaces/GazeboRobotSimDev/install/ros_gz_gazebo:/workspaces/GazeboRobotSimDev/install/ros_gz_description:/workspaces/GazeboRobotSimDev/install/ros_gz_application:/opt/ros/jazzy/opt/gz_sim_vendor:/opt/ros/jazzy/opt/gz_sensors_vendor:/opt/ros/jazzy/opt/gz_physics_vendor:/opt/ros/jazzy/opt/sdformat_vendor:/opt/ros/jazzy/opt/gz_gui_vendor:/opt/ros/jazzy/opt/gz_transport_vendor:/opt/ros/jazzy/opt/gz_rendering_vendor:/opt/ros/jazzy/opt/gz_plugin_vendor:/opt/ros/jazzy/opt/gz_fuel_tools_vendor:/opt/ros/jazzy/opt/gz_msgs_vendor:/opt/ros/jazzy/opt/gz_common_vendor:/opt/ros/jazzy/opt/gz_math_vendor:/opt/ros/jazzy/opt/gz_utils_vendor:/opt/ros/jazzy/opt/gz_tools_vendor:/opt/ros/jazzy/opt/gz_ogre_next_vendor:/opt/ros/jazzy/opt/gz_dartsim_vendor:/opt/ros/jazzy/opt/gz_cmake_vendor:/opt/ros/jazzy /usr/bin/cmake --install /workspaces/GazeboRobotSimDev/build/ros_gz_bringup
[0.445s] -- Install configuration: ""
[0.445s] -- Installing: /workspaces/GazeboRobotSimDev/install/ros_gz_bringup/share/ros_gz_bringup/launch
[0.445s] -- Installing: /workspaces/GazeboRobotSimDev/install/ros_gz_bringup/share/ros_gz_bringup/launch/ball_pail.launch.py
[0.446s] -- Installing: /workspaces/GazeboRobotSimDev/install/ros_gz_bringup/share/ros_gz_bringup/config
[0.446s] -- Installing: /workspaces/GazeboRobotSimDev/install/ros_gz_bringup/share/ros_gz_bringup/config/ros_gz_bridge.yaml
[0.447s] -- Installing: /workspaces/GazeboRobotSimDev/install/ros_gz_bringup/share/ament_index/resource_index/package_run_dependencies/ros_gz_bringup
[0.447s] -- Installing: /workspaces/GazeboRobotSimDev/install/ros_gz_bringup/share/ament_index/resource_index/parent_prefix_path/ros_gz_bringup
[0.447s] -- Installing: /workspaces/GazeboRobotSimDev/install/ros_gz_bringup/share/ros_gz_bringup/environment/ament_prefix_path.sh
[0.447s] -- Installing: /workspaces/GazeboRobotSimDev/install/ros_gz_bringup/share/ros_gz_bringup/environment/ament_prefix_path.dsv
[0.447s] -- Installing: /workspaces/GazeboRobotSimDev/install/ros_gz_bringup/share/ros_gz_bringup/environment/path.sh
[0.448s] -- Installing: /workspaces/GazeboRobotSimDev/install/ros_gz_bringup/share/ros_gz_bringup/environment/path.dsv
[0.448s] -- Installing: /workspaces/GazeboRobotSimDev/install/ros_gz_bringup/share/ros_gz_bringup/local_setup.bash
[0.448s] -- Installing: /workspaces/GazeboRobotSimDev/install/ros_gz_bringup/share/ros_gz_bringup/local_setup.sh
[0.448s] -- Installing: /workspaces/GazeboRobotSimDev/install/ros_gz_bringup/share/ros_gz_bringup/local_setup.zsh
[0.448s] -- Installing: /workspaces/GazeboRobotSimDev/install/ros_gz_bringup/share/ros_gz_bringup/local_setup.dsv
[0.448s] -- Installing: /workspaces/GazeboRobotSimDev/install/ros_gz_bringup/share/ros_gz_bringup/package.dsv
[0.448s] -- Installing: /workspaces/GazeboRobotSimDev/install/ros_gz_bringup/share/ament_index/resource_index/packages/ros_gz_bringup
[0.448s] -- Installing: /workspaces/GazeboRobotSimDev/install/ros_gz_bringup/share/ros_gz_bringup/cmake/ros_gz_bringupConfig.cmake
[0.448s] -- Installing: /workspaces/GazeboRobotSimDev/install/ros_gz_bringup/share/ros_gz_bringup/cmake/ros_gz_bringupConfig-version.cmake
[0.448s] -- Installing: /workspaces/GazeboRobotSimDev/install/ros_gz_bringup/share/ros_gz_bringup/package.xml
[0.449s] Invoked command in '/workspaces/GazeboRobotSimDev/build/ros_gz_bringup' returned '0': AMENT_PREFIX_PATH=/workspaces/GazeboRobotSimDev/install/ros_gz_gazebo:/workspaces/GazeboRobotSimDev/install/ros_gz_description:/workspaces/GazeboRobotSimDev/install/ros_gz_application:${AMENT_PREFIX_PATH} CMAKE_PREFIX_PATH=/workspaces/GazeboRobotSimDev/install/ros_gz_gazebo:/workspaces/GazeboRobotSimDev/install/ros_gz_description:/workspaces/GazeboRobotSimDev/install/ros_gz_application:/opt/ros/jazzy/opt/gz_sim_vendor:/opt/ros/jazzy/opt/gz_sensors_vendor:/opt/ros/jazzy/opt/gz_physics_vendor:/opt/ros/jazzy/opt/sdformat_vendor:/opt/ros/jazzy/opt/gz_gui_vendor:/opt/ros/jazzy/opt/gz_transport_vendor:/opt/ros/jazzy/opt/gz_rendering_vendor:/opt/ros/jazzy/opt/gz_plugin_vendor:/opt/ros/jazzy/opt/gz_fuel_tools_vendor:/opt/ros/jazzy/opt/gz_msgs_vendor:/opt/ros/jazzy/opt/gz_common_vendor:/opt/ros/jazzy/opt/gz_math_vendor:/opt/ros/jazzy/opt/gz_utils_vendor:/opt/ros/jazzy/opt/gz_tools_vendor:/opt/ros/jazzy/opt/gz_ogre_next_vendor:/opt/ros/jazzy/opt/gz_dartsim_vendor:/opt/ros/jazzy/opt/gz_cmake_vendor:/opt/ros/jazzy /usr/bin/cmake --install /workspaces/GazeboRobotSimDev/build/ros_gz_bringup
