[0.008s] Invoking command in '/workspaces/GazeboRobotSimDev/build/ros_gz_application': /usr/bin/cmake /workspaces/GazeboRobotSimDev/ros_gz_application -DCMAKE_INSTALL_PREFIX=/workspaces/GazeboRobotSimDev/install/ros_gz_application
[0.150s] -- The C compiler identification is GNU 13.3.0
[0.222s] -- The CXX compiler identification is GNU 13.3.0
[0.239s] -- Detecting C compiler ABI info
[0.297s] -- Detecting C compiler ABI info - done
[0.302s] -- Check for working C compiler: /usr/bin/cc - skipped
[0.303s] -- Detecting C compile features
[0.303s] -- Detecting C compile features - done
[0.309s] -- Detecting CXX compiler ABI info
[0.359s] -- Detecting CXX compiler ABI info - done
[0.364s] -- Check for working CXX compiler: /usr/bin/c++ - skipped
[0.364s] -- Detecting CXX compile features
[0.364s] -- Detecting CXX compile features - done
[0.384s] [31mCMake Error at CMakeLists.txt:9 (find_package):
[0.384s]   By not providing "Findament_cmake.cmake" in CMAKE_MODULE_PATH this project
[0.384s]   has asked CMake to find a package configuration file provided by
[0.384s]   "ament_cmake", but CMake did not find one.
[0.384s] 
[0.384s]   Could not find a package configuration file provided by "ament_cmake" with
[0.384s]   any of the following names:
[0.384s] 
[0.384s]     ament_cmakeConfig.cmake
[0.384s]     ament_cmake-config.cmake
[0.384s] 
[0.384s]   Add the installation prefix of "ament_cmake" to CMAKE_PREFIX_PATH or set
[0.384s]   "ament_cmake_DIR" to a directory containing one of the above files.  If
[0.385s]   "ament_cmake" provides a separate development package or SDK, be sure it
[0.385s]   has been installed.
[0.385s] 
[0.385s] [0m
[0.385s] -- Configuring incomplete, errors occurred!
[0.386s] Invoked command in '/workspaces/GazeboRobotSimDev/build/ros_gz_application' returned '1': /usr/bin/cmake /workspaces/GazeboRobotSimDev/ros_gz_application -DCMAKE_INSTALL_PREFIX=/workspaces/GazeboRobotSimDev/install/ros_gz_application
