[0.010s] Invoking command in '/workspaces/GazeboRobotSimDev/build/ros_gz_gazebo': CMAKE_PREFIX_PATH=${CMAKE_PREFIX_PATH}:/opt/ros/jazzy /usr/bin/cmake /workspaces/GazeboRobotSimDev/ros_gz_gazebo -DCMAKE_INSTALL_PREFIX=/workspaces/GazeboRobotSimDev/install/ros_gz_gazebo
[0.149s] -- The C compiler identification is GNU 13.3.0
[0.219s] -- The CXX compiler identification is GNU 13.3.0
[0.231s] -- Detecting C compiler ABI info
[0.285s] -- Detecting C compiler ABI info - done
[0.290s] -- Check for working C compiler: /usr/bin/cc - skipped
[0.291s] -- Detecting C compile features
[0.291s] -- Detecting C compile features - done
[0.297s] -- Detecting CXX compiler ABI info
[0.352s] -- Detecting CXX compiler ABI info - done
[0.356s] -- Check for working CXX compiler: /usr/bin/c++ - skipped
[0.357s] -- Detecting CXX compile features
[0.357s] -- Detecting CXX compile features - done
[0.376s] -- Found ament_cmake: 2.5.6 (/opt/ros/jazzy/share/ament_cmake/cmake)
[0.464s] -- Found Python3: /usr/bin/python3 (found version "3.12.3") found components: Interpreter 
[0.558s] -- Found ament_lint_auto: 0.17.5 (/opt/ros/jazzy/share/ament_lint_auto/cmake)
[0.630s] -- Added test 'lint_cmake' to check CMake code style
[0.631s] -- Added test 'xmllint' to check XML markup files
[0.633s] -- Configuring done (0.6s)
[0.636s] -- Generating done (0.0s)
[0.638s] -- Build files have been written to: /workspaces/GazeboRobotSimDev/build/ros_gz_gazebo
[0.641s] Invoked command in '/workspaces/GazeboRobotSimDev/build/ros_gz_gazebo' returned '0': CMAKE_PREFIX_PATH=${CMAKE_PREFIX_PATH}:/opt/ros/jazzy /usr/bin/cmake /workspaces/GazeboRobotSimDev/ros_gz_gazebo -DCMAKE_INSTALL_PREFIX=/workspaces/GazeboRobotSimDev/install/ros_gz_gazebo
[0.641s] Invoking command in '/workspaces/GazeboRobotSimDev/build/ros_gz_gazebo': CMAKE_PREFIX_PATH=${CMAKE_PREFIX_PATH}:/opt/ros/jazzy /usr/bin/cmake --build /workspaces/GazeboRobotSimDev/build/ros_gz_gazebo -- -j32 -l32
[0.663s] Invoked command in '/workspaces/GazeboRobotSimDev/build/ros_gz_gazebo' returned '0': CMAKE_PREFIX_PATH=${CMAKE_PREFIX_PATH}:/opt/ros/jazzy /usr/bin/cmake --build /workspaces/GazeboRobotSimDev/build/ros_gz_gazebo -- -j32 -l32
[0.663s] Invoking command in '/workspaces/GazeboRobotSimDev/build/ros_gz_gazebo': CMAKE_PREFIX_PATH=${CMAKE_PREFIX_PATH}:/opt/ros/jazzy /usr/bin/cmake --install /workspaces/GazeboRobotSimDev/build/ros_gz_gazebo
[0.667s] -- Install configuration: ""
[0.668s] -- Installing: /workspaces/GazeboRobotSimDev/install/ros_gz_gazebo/share/ament_index/resource_index/package_run_dependencies/ros_gz_gazebo
[0.668s] -- Installing: /workspaces/GazeboRobotSimDev/install/ros_gz_gazebo/share/ament_index/resource_index/parent_prefix_path/ros_gz_gazebo
[0.669s] -- Installing: /workspaces/GazeboRobotSimDev/install/ros_gz_gazebo/share/ros_gz_gazebo/environment/ament_prefix_path.sh
[0.669s] -- Installing: /workspaces/GazeboRobotSimDev/install/ros_gz_gazebo/share/ros_gz_gazebo/environment/ament_prefix_path.dsv
[0.669s] -- Installing: /workspaces/GazeboRobotSimDev/install/ros_gz_gazebo/share/ros_gz_gazebo/environment/path.sh
[0.669s] -- Installing: /workspaces/GazeboRobotSimDev/install/ros_gz_gazebo/share/ros_gz_gazebo/environment/path.dsv
[0.669s] -- Installing: /workspaces/GazeboRobotSimDev/install/ros_gz_gazebo/share/ros_gz_gazebo/local_setup.bash
[0.669s] -- Installing: /workspaces/GazeboRobotSimDev/install/ros_gz_gazebo/share/ros_gz_gazebo/local_setup.sh
[0.669s] -- Installing: /workspaces/GazeboRobotSimDev/install/ros_gz_gazebo/share/ros_gz_gazebo/local_setup.zsh
[0.669s] -- Installing: /workspaces/GazeboRobotSimDev/install/ros_gz_gazebo/share/ros_gz_gazebo/local_setup.dsv
[0.669s] -- Installing: /workspaces/GazeboRobotSimDev/install/ros_gz_gazebo/share/ros_gz_gazebo/package.dsv
[0.670s] -- Installing: /workspaces/GazeboRobotSimDev/install/ros_gz_gazebo/share/ament_index/resource_index/packages/ros_gz_gazebo
[0.670s] -- Installing: /workspaces/GazeboRobotSimDev/install/ros_gz_gazebo/share/ros_gz_gazebo/cmake/ros_gz_gazeboConfig.cmake
[0.670s] -- Installing: /workspaces/GazeboRobotSimDev/install/ros_gz_gazebo/share/ros_gz_gazebo/cmake/ros_gz_gazeboConfig-version.cmake
[0.670s] -- Installing: /workspaces/GazeboRobotSimDev/install/ros_gz_gazebo/share/ros_gz_gazebo/package.xml
[0.674s] Invoked command in '/workspaces/GazeboRobotSimDev/build/ros_gz_gazebo' returned '0': CMAKE_PREFIX_PATH=${CMAKE_PREFIX_PATH}:/opt/ros/jazzy /usr/bin/cmake --install /workspaces/GazeboRobotSimDev/build/ros_gz_gazebo
