[0.076s] DEBUG:colcon:Command line arguments: ['/usr/bin/colcon', 'build', '--packages-select', 'ros_gz_application', 'ros_gz_bringup', '--event-handlers', 'console_direct+']
[0.077s] DEBUG:colcon:Parsed command line arguments: Namespace(log_base=None, log_level=None, verb_name='build', build_base='build', install_base='install', merge_install=False, symlink_install=False, test_result_base=None, continue_on_error=False, executor='parallel', parallel_workers=32, event_handlers=['console_direct+'], ignore_user_meta=False, metas=['./colcon.meta'], base_paths=['.'], packages_ignore=None, packages_ignore_regex=None, paths=None, packages_up_to=None, packages_up_to_regex=None, packages_above=None, packages_above_and_dependencies=None, packages_above_depth=None, packages_select_by_dep=None, packages_skip_by_dep=None, packages_skip_up_to=None, packages_select_build_failed=False, packages_skip_build_finished=False, packages_select_test_failures=False, packages_skip_test_passed=False, packages_select=['ros_gz_application', 'ros_gz_bringup'], packages_skip=None, packages_select_regex=None, packages_skip_regex=None, packages_start=None, packages_end=None, cmake_args=None, cmake_target=None, cmake_target_skip_unavailable=False, cmake_clean_cache=False, cmake_clean_first=False, cmake_force_configure=False, ament_cmake_args=None, catkin_cmake_args=None, catkin_skip_building_tests=False, mixin_files=None, mixin=None, verb_parser=<colcon_mixin.mixin.mixin_argument.MixinArgumentDecorator object at 0x7f8ea5660ce0>, verb_extension=<colcon_core.verb.build.BuildVerb object at 0x7f8ea6009340>, main=<bound method BuildVerb.main of <colcon_core.verb.build.BuildVerb object at 0x7f8ea6009340>>, mixin_verb=('build',))
[0.099s] Level 1:colcon.colcon_core.package_discovery:discover_packages(colcon_meta) check parameters
[0.100s] INFO:colcon.colcon_metadata.package_discovery.colcon_meta:Using configuration from '/root/.colcon/metadata/default/Gazebo.meta'
[0.100s] INFO:colcon.colcon_metadata.package_discovery.colcon_meta:Using configuration from '/root/.colcon/metadata/default/fastdds.meta'
[0.100s] INFO:colcon.colcon_metadata.package_discovery.colcon_meta:Using configuration from '/root/.colcon/metadata/default/fastrtps.meta'
[0.100s] Level 1:colcon.colcon_core.package_discovery:discover_packages(recursive) check parameters
[0.100s] Level 1:colcon.colcon_core.package_discovery:discover_packages(ignore) check parameters
[0.100s] Level 1:colcon.colcon_core.package_discovery:discover_packages(path) check parameters
[0.100s] Level 1:colcon.colcon_core.package_discovery:discover_packages(colcon_meta) discover
[0.100s] Level 1:colcon.colcon_core.package_discovery:discover_packages(recursive) discover
[0.100s] INFO:colcon.colcon_core.package_discovery:Crawling recursively for packages in '/workspaces/GazeboRobotSimDev'
[0.101s] Level 1:colcon.colcon_core.package_identification:_identify(.) by extensions ['ignore', 'ignore_ament_install']
[0.101s] Level 1:colcon.colcon_core.package_identification:_identify(.) by extension 'ignore'
[0.101s] Level 1:colcon.colcon_core.package_identification:_identify(.) by extension 'ignore_ament_install'
[0.101s] Level 1:colcon.colcon_core.package_identification:_identify(.) by extensions ['colcon_pkg']
[0.101s] Level 1:colcon.colcon_core.package_identification:_identify(.) by extension 'colcon_pkg'
[0.101s] Level 1:colcon.colcon_core.package_identification:_identify(.) by extensions ['colcon_meta']
[0.101s] Level 1:colcon.colcon_core.package_identification:_identify(.) by extension 'colcon_meta'
[0.101s] Level 1:colcon.colcon_core.package_identification:_identify(.) by extensions ['ros']
[0.101s] Level 1:colcon.colcon_core.package_identification:_identify(.) by extension 'ros'
[0.116s] Level 1:colcon.colcon_core.package_identification:_identify(.) by extensions ['cmake', 'python']
[0.116s] Level 1:colcon.colcon_core.package_identification:_identify(.) by extension 'cmake'
[0.116s] Level 1:colcon.colcon_core.package_identification:_identify(.) by extension 'python'
[0.117s] Level 1:colcon.colcon_core.package_identification:_identify(.) by extensions ['python_setup_py']
[0.117s] Level 1:colcon.colcon_core.package_identification:_identify(.) by extension 'python_setup_py'
[0.117s] Level 1:colcon.colcon_core.package_identification:_identify(SDFs) by extensions ['ignore', 'ignore_ament_install']
[0.117s] Level 1:colcon.colcon_core.package_identification:_identify(SDFs) by extension 'ignore'
[0.117s] Level 1:colcon.colcon_core.package_identification:_identify(SDFs) by extension 'ignore_ament_install'
[0.117s] Level 1:colcon.colcon_core.package_identification:_identify(SDFs) by extensions ['colcon_pkg']
[0.117s] Level 1:colcon.colcon_core.package_identification:_identify(SDFs) by extension 'colcon_pkg'
[0.117s] Level 1:colcon.colcon_core.package_identification:_identify(SDFs) by extensions ['colcon_meta']
[0.117s] Level 1:colcon.colcon_core.package_identification:_identify(SDFs) by extension 'colcon_meta'
[0.117s] Level 1:colcon.colcon_core.package_identification:_identify(SDFs) by extensions ['ros']
[0.117s] Level 1:colcon.colcon_core.package_identification:_identify(SDFs) by extension 'ros'
[0.117s] Level 1:colcon.colcon_core.package_identification:_identify(SDFs) by extensions ['cmake', 'python']
[0.117s] Level 1:colcon.colcon_core.package_identification:_identify(SDFs) by extension 'cmake'
[0.117s] Level 1:colcon.colcon_core.package_identification:_identify(SDFs) by extension 'python'
[0.117s] Level 1:colcon.colcon_core.package_identification:_identify(SDFs) by extensions ['python_setup_py']
[0.117s] Level 1:colcon.colcon_core.package_identification:_identify(SDFs) by extension 'python_setup_py'
[0.117s] Level 1:colcon.colcon_core.package_identification:_identify(ball_and_pail_sim_node) by extensions ['ignore', 'ignore_ament_install']
[0.117s] Level 1:colcon.colcon_core.package_identification:_identify(ball_and_pail_sim_node) by extension 'ignore'
[0.117s] Level 1:colcon.colcon_core.package_identification:_identify(ball_and_pail_sim_node) by extension 'ignore_ament_install'
[0.117s] Level 1:colcon.colcon_core.package_identification:_identify(ball_and_pail_sim_node) by extensions ['colcon_pkg']
[0.117s] Level 1:colcon.colcon_core.package_identification:_identify(ball_and_pail_sim_node) by extension 'colcon_pkg'
[0.117s] Level 1:colcon.colcon_core.package_identification:_identify(ball_and_pail_sim_node) by extensions ['colcon_meta']
[0.117s] Level 1:colcon.colcon_core.package_identification:_identify(ball_and_pail_sim_node) by extension 'colcon_meta'
[0.117s] Level 1:colcon.colcon_core.package_identification:_identify(ball_and_pail_sim_node) by extensions ['ros']
[0.117s] Level 1:colcon.colcon_core.package_identification:_identify(ball_and_pail_sim_node) by extension 'ros'
[0.117s] Level 1:colcon.colcon_core.package_identification:_identify(ball_and_pail_sim_node) by extensions ['cmake', 'python']
[0.117s] Level 1:colcon.colcon_core.package_identification:_identify(ball_and_pail_sim_node) by extension 'cmake'
[0.119s] Level 1:colcon.colcon_core.package_identification:_identify(ball_and_pail_sim_node) by extension 'python'
[0.119s] DEBUG:colcon.colcon_core.package_identification:Package 'ball_and_pail_sim_node' with type 'cmake' and name 'ball_and_pail_sim'
[0.119s] Level 1:colcon.colcon_core.package_identification:_identify(build) by extensions ['ignore', 'ignore_ament_install']
[0.119s] Level 1:colcon.colcon_core.package_identification:_identify(build) by extension 'ignore'
[0.119s] Level 1:colcon.colcon_core.package_identification:_identify(build) ignored
[0.119s] Level 1:colcon.colcon_core.package_identification:_identify(install) by extensions ['ignore', 'ignore_ament_install']
[0.119s] Level 1:colcon.colcon_core.package_identification:_identify(install) by extension 'ignore'
[0.119s] Level 1:colcon.colcon_core.package_identification:_identify(install) ignored
[0.119s] Level 1:colcon.colcon_core.package_identification:_identify(lidar_node) by extensions ['ignore', 'ignore_ament_install']
[0.119s] Level 1:colcon.colcon_core.package_identification:_identify(lidar_node) by extension 'ignore'
[0.119s] Level 1:colcon.colcon_core.package_identification:_identify(lidar_node) by extension 'ignore_ament_install'
[0.119s] Level 1:colcon.colcon_core.package_identification:_identify(lidar_node) by extensions ['colcon_pkg']
[0.119s] Level 1:colcon.colcon_core.package_identification:_identify(lidar_node) by extension 'colcon_pkg'
[0.119s] Level 1:colcon.colcon_core.package_identification:_identify(lidar_node) by extensions ['colcon_meta']
[0.119s] Level 1:colcon.colcon_core.package_identification:_identify(lidar_node) by extension 'colcon_meta'
[0.119s] Level 1:colcon.colcon_core.package_identification:_identify(lidar_node) by extensions ['ros']
[0.119s] Level 1:colcon.colcon_core.package_identification:_identify(lidar_node) by extension 'ros'
[0.119s] Level 1:colcon.colcon_core.package_identification:_identify(lidar_node) by extensions ['cmake', 'python']
[0.119s] Level 1:colcon.colcon_core.package_identification:_identify(lidar_node) by extension 'cmake'
[0.120s] Level 1:colcon.colcon_core.package_identification:_identify(lidar_node) by extension 'python'
[0.120s] DEBUG:colcon.colcon_core.package_identification:Package 'lidar_node' with type 'cmake' and name 'avoid_wall'
[0.120s] Level 1:colcon.colcon_core.package_identification:_identify(log) by extensions ['ignore', 'ignore_ament_install']
[0.120s] Level 1:colcon.colcon_core.package_identification:_identify(log) by extension 'ignore'
[0.120s] Level 1:colcon.colcon_core.package_identification:_identify(log) ignored
[0.121s] Level 1:colcon.colcon_core.package_identification:_identify(ros_gz_application) by extensions ['ignore', 'ignore_ament_install']
[0.123s] Level 1:colcon.colcon_core.package_identification:_identify(ros_gz_application) by extension 'ignore'
[0.123s] Level 1:colcon.colcon_core.package_identification:_identify(ros_gz_application) by extension 'ignore_ament_install'
[0.123s] Level 1:colcon.colcon_core.package_identification:_identify(ros_gz_application) by extensions ['colcon_pkg']
[0.123s] Level 1:colcon.colcon_core.package_identification:_identify(ros_gz_application) by extension 'colcon_pkg'
[0.123s] Level 1:colcon.colcon_core.package_identification:_identify(ros_gz_application) by extensions ['colcon_meta']
[0.123s] Level 1:colcon.colcon_core.package_identification:_identify(ros_gz_application) by extension 'colcon_meta'
[0.123s] Level 1:colcon.colcon_core.package_identification:_identify(ros_gz_application) by extensions ['ros']
[0.123s] Level 1:colcon.colcon_core.package_identification:_identify(ros_gz_application) by extension 'ros'
[0.126s] DEBUG:colcon.colcon_core.package_identification:Package 'ros_gz_application' with type 'ros.ament_cmake' and name 'ros_gz_application'
[0.126s] Level 1:colcon.colcon_core.package_identification:_identify(ros_gz_bringup) by extensions ['ignore', 'ignore_ament_install']
[0.126s] Level 1:colcon.colcon_core.package_identification:_identify(ros_gz_bringup) by extension 'ignore'
[0.126s] Level 1:colcon.colcon_core.package_identification:_identify(ros_gz_bringup) by extension 'ignore_ament_install'
[0.126s] Level 1:colcon.colcon_core.package_identification:_identify(ros_gz_bringup) by extensions ['colcon_pkg']
[0.126s] Level 1:colcon.colcon_core.package_identification:_identify(ros_gz_bringup) by extension 'colcon_pkg'
[0.126s] Level 1:colcon.colcon_core.package_identification:_identify(ros_gz_bringup) by extensions ['colcon_meta']
[0.126s] Level 1:colcon.colcon_core.package_identification:_identify(ros_gz_bringup) by extension 'colcon_meta'
[0.126s] Level 1:colcon.colcon_core.package_identification:_identify(ros_gz_bringup) by extensions ['ros']
[0.126s] Level 1:colcon.colcon_core.package_identification:_identify(ros_gz_bringup) by extension 'ros'
[0.126s] DEBUG:colcon.colcon_core.package_identification:Package 'ros_gz_bringup' with type 'ros.ament_cmake' and name 'ros_gz_bringup'
[0.126s] Level 1:colcon.colcon_core.package_identification:_identify(ros_gz_description) by extensions ['ignore', 'ignore_ament_install']
[0.126s] Level 1:colcon.colcon_core.package_identification:_identify(ros_gz_description) by extension 'ignore'
[0.126s] Level 1:colcon.colcon_core.package_identification:_identify(ros_gz_description) by extension 'ignore_ament_install'
[0.126s] Level 1:colcon.colcon_core.package_identification:_identify(ros_gz_description) by extensions ['colcon_pkg']
[0.126s] Level 1:colcon.colcon_core.package_identification:_identify(ros_gz_description) by extension 'colcon_pkg'
[0.126s] Level 1:colcon.colcon_core.package_identification:_identify(ros_gz_description) by extensions ['colcon_meta']
[0.126s] Level 1:colcon.colcon_core.package_identification:_identify(ros_gz_description) by extension 'colcon_meta'
[0.126s] Level 1:colcon.colcon_core.package_identification:_identify(ros_gz_description) by extensions ['ros']
[0.126s] Level 1:colcon.colcon_core.package_identification:_identify(ros_gz_description) by extension 'ros'
[0.127s] DEBUG:colcon.colcon_core.package_identification:Package 'ros_gz_description' with type 'ros.ament_cmake' and name 'ros_gz_description'
[0.127s] Level 1:colcon.colcon_core.package_identification:_identify(ros_gz_gazebo) by extensions ['ignore', 'ignore_ament_install']
[0.127s] Level 1:colcon.colcon_core.package_identification:_identify(ros_gz_gazebo) by extension 'ignore'
[0.127s] Level 1:colcon.colcon_core.package_identification:_identify(ros_gz_gazebo) by extension 'ignore_ament_install'
[0.127s] Level 1:colcon.colcon_core.package_identification:_identify(ros_gz_gazebo) by extensions ['colcon_pkg']
[0.127s] Level 1:colcon.colcon_core.package_identification:_identify(ros_gz_gazebo) by extension 'colcon_pkg'
[0.127s] Level 1:colcon.colcon_core.package_identification:_identify(ros_gz_gazebo) by extensions ['colcon_meta']
[0.127s] Level 1:colcon.colcon_core.package_identification:_identify(ros_gz_gazebo) by extension 'colcon_meta'
[0.127s] Level 1:colcon.colcon_core.package_identification:_identify(ros_gz_gazebo) by extensions ['ros']
[0.127s] Level 1:colcon.colcon_core.package_identification:_identify(ros_gz_gazebo) by extension 'ros'
[0.127s] DEBUG:colcon.colcon_core.package_identification:Package 'ros_gz_gazebo' with type 'ros.ament_cmake' and name 'ros_gz_gazebo'
[0.127s] Level 1:colcon.colcon_core.package_discovery:discover_packages(recursive) using defaults
[0.127s] Level 1:colcon.colcon_core.package_discovery:discover_packages(ignore) discover
[0.127s] Level 1:colcon.colcon_core.package_discovery:discover_packages(ignore) using defaults
[0.127s] Level 1:colcon.colcon_core.package_discovery:discover_packages(path) discover
[0.127s] Level 1:colcon.colcon_core.package_discovery:discover_packages(path) using defaults
[0.136s] INFO:colcon.colcon_core.package_selection:Skipping not selected package 'avoid_wall' in 'lidar_node'
[0.136s] INFO:colcon.colcon_core.package_selection:Skipping not selected package 'ball_and_pail_sim' in 'ball_and_pail_sim_node'
[0.136s] INFO:colcon.colcon_core.package_selection:Skipping not selected package 'ros_gz_description' in 'ros_gz_description'
[0.136s] INFO:colcon.colcon_core.package_selection:Skipping not selected package 'ros_gz_gazebo' in 'ros_gz_gazebo'
[0.136s] Level 5:colcon.colcon_core.verb:set package 'ros_gz_application' build argument 'cmake_args' from command line to 'None'
[0.136s] Level 5:colcon.colcon_core.verb:set package 'ros_gz_application' build argument 'cmake_target' from command line to 'None'
[0.136s] Level 5:colcon.colcon_core.verb:set package 'ros_gz_application' build argument 'cmake_target_skip_unavailable' from command line to 'False'
[0.136s] Level 5:colcon.colcon_core.verb:set package 'ros_gz_application' build argument 'cmake_clean_cache' from command line to 'False'
[0.136s] Level 5:colcon.colcon_core.verb:set package 'ros_gz_application' build argument 'cmake_clean_first' from command line to 'False'
[0.136s] Level 5:colcon.colcon_core.verb:set package 'ros_gz_application' build argument 'cmake_force_configure' from command line to 'False'
[0.136s] Level 5:colcon.colcon_core.verb:set package 'ros_gz_application' build argument 'ament_cmake_args' from command line to 'None'
[0.136s] Level 5:colcon.colcon_core.verb:set package 'ros_gz_application' build argument 'catkin_cmake_args' from command line to 'None'
[0.136s] Level 5:colcon.colcon_core.verb:set package 'ros_gz_application' build argument 'catkin_skip_building_tests' from command line to 'False'
[0.136s] DEBUG:colcon.colcon_core.verb:Building package 'ros_gz_application' with the following arguments: {'ament_cmake_args': None, 'build_base': '/workspaces/GazeboRobotSimDev/build/ros_gz_application', 'catkin_cmake_args': None, 'catkin_skip_building_tests': False, 'cmake_args': None, 'cmake_clean_cache': False, 'cmake_clean_first': False, 'cmake_force_configure': False, 'cmake_target': None, 'cmake_target_skip_unavailable': False, 'install_base': '/workspaces/GazeboRobotSimDev/install/ros_gz_application', 'merge_install': False, 'path': '/workspaces/GazeboRobotSimDev/ros_gz_application', 'symlink_install': False, 'test_result_base': None}
[0.136s] Level 5:colcon.colcon_core.verb:set package 'ros_gz_bringup' build argument 'cmake_args' from command line to 'None'
[0.136s] Level 5:colcon.colcon_core.verb:set package 'ros_gz_bringup' build argument 'cmake_target' from command line to 'None'
[0.136s] Level 5:colcon.colcon_core.verb:set package 'ros_gz_bringup' build argument 'cmake_target_skip_unavailable' from command line to 'False'
[0.136s] Level 5:colcon.colcon_core.verb:set package 'ros_gz_bringup' build argument 'cmake_clean_cache' from command line to 'False'
[0.136s] Level 5:colcon.colcon_core.verb:set package 'ros_gz_bringup' build argument 'cmake_clean_first' from command line to 'False'
[0.136s] Level 5:colcon.colcon_core.verb:set package 'ros_gz_bringup' build argument 'cmake_force_configure' from command line to 'False'
[0.137s] Level 5:colcon.colcon_core.verb:set package 'ros_gz_bringup' build argument 'ament_cmake_args' from command line to 'None'
[0.137s] Level 5:colcon.colcon_core.verb:set package 'ros_gz_bringup' build argument 'catkin_cmake_args' from command line to 'None'
[0.137s] Level 5:colcon.colcon_core.verb:set package 'ros_gz_bringup' build argument 'catkin_skip_building_tests' from command line to 'False'
[0.137s] DEBUG:colcon.colcon_core.verb:Building package 'ros_gz_bringup' with the following arguments: {'ament_cmake_args': None, 'build_base': '/workspaces/GazeboRobotSimDev/build/ros_gz_bringup', 'catkin_cmake_args': None, 'catkin_skip_building_tests': False, 'cmake_args': None, 'cmake_clean_cache': False, 'cmake_clean_first': False, 'cmake_force_configure': False, 'cmake_target': None, 'cmake_target_skip_unavailable': False, 'install_base': '/workspaces/GazeboRobotSimDev/install/ros_gz_bringup', 'merge_install': False, 'path': '/workspaces/GazeboRobotSimDev/ros_gz_bringup', 'symlink_install': False, 'test_result_base': None}
[0.137s] INFO:colcon.colcon_core.executor:Executing jobs using 'parallel' executor
[0.137s] DEBUG:colcon.colcon_parallel_executor.executor.parallel:run_until_complete
[0.137s] INFO:colcon.colcon_ros.task.ament_cmake.build:Building ROS package in '/workspaces/GazeboRobotSimDev/ros_gz_application' with build type 'ament_cmake'
[0.137s] INFO:colcon.colcon_cmake.task.cmake.build:Building CMake package in '/workspaces/GazeboRobotSimDev/ros_gz_application'
[0.138s] INFO:colcon.colcon_core.plugin_system:Skipping extension 'colcon_core.shell.bat': Not used on non-Windows systems
[0.138s] INFO:colcon.colcon_core.shell:Skip shell extension 'powershell' for command environment: Not usable outside of PowerShell
[0.138s] DEBUG:colcon.colcon_core.shell:Skip shell extension 'dsv' for command environment
[0.149s] DEBUG:colcon.colcon_core.event_handler.log_command:Invoking command in '/workspaces/GazeboRobotSimDev/build/ros_gz_application': CMAKE_PREFIX_PATH=${CMAKE_PREFIX_PATH}:/opt/ros/jazzy /usr/bin/cmake /workspaces/GazeboRobotSimDev/ros_gz_application -DCMAKE_INSTALL_PREFIX=/workspaces/GazeboRobotSimDev/install/ros_gz_application
[0.830s] DEBUG:colcon.colcon_core.event_handler.log_command:Invoked command in '/workspaces/GazeboRobotSimDev/build/ros_gz_application' returned '0': CMAKE_PREFIX_PATH=${CMAKE_PREFIX_PATH}:/opt/ros/jazzy /usr/bin/cmake /workspaces/GazeboRobotSimDev/ros_gz_application -DCMAKE_INSTALL_PREFIX=/workspaces/GazeboRobotSimDev/install/ros_gz_application
[0.831s] DEBUG:colcon.colcon_core.event_handler.log_command:Invoking command in '/workspaces/GazeboRobotSimDev/build/ros_gz_application': CMAKE_PREFIX_PATH=${CMAKE_PREFIX_PATH}:/opt/ros/jazzy /usr/bin/cmake --build /workspaces/GazeboRobotSimDev/build/ros_gz_application -- -j32 -l32
[5.808s] DEBUG:colcon.colcon_core.event_handler.log_command:Invoked command in '/workspaces/GazeboRobotSimDev/build/ros_gz_application' returned '0': CMAKE_PREFIX_PATH=${CMAKE_PREFIX_PATH}:/opt/ros/jazzy /usr/bin/cmake --build /workspaces/GazeboRobotSimDev/build/ros_gz_application -- -j32 -l32
[5.813s] DEBUG:colcon.colcon_core.event_handler.log_command:Invoking command in '/workspaces/GazeboRobotSimDev/build/ros_gz_application': CMAKE_PREFIX_PATH=${CMAKE_PREFIX_PATH}:/opt/ros/jazzy /usr/bin/cmake --install /workspaces/GazeboRobotSimDev/build/ros_gz_application
[5.825s] Level 1:colcon.colcon_core.environment:create_environment_scripts_only(ros_gz_application)
[5.825s] DEBUG:colcon.colcon_core.event_handler.log_command:Invoked command in '/workspaces/GazeboRobotSimDev/build/ros_gz_application' returned '0': CMAKE_PREFIX_PATH=${CMAKE_PREFIX_PATH}:/opt/ros/jazzy /usr/bin/cmake --install /workspaces/GazeboRobotSimDev/build/ros_gz_application
[5.826s] Level 1:colcon.colcon_core.environment:checking '/workspaces/GazeboRobotSimDev/install/ros_gz_application' for CMake module files
[5.826s] Level 1:colcon.colcon_core.environment:checking '/workspaces/GazeboRobotSimDev/install/ros_gz_application' for CMake config files
[5.826s] Level 1:colcon.colcon_core.shell:create_environment_hook('ros_gz_application', 'cmake_prefix_path')
[5.827s] INFO:colcon.colcon_core.shell:Creating environment hook '/workspaces/GazeboRobotSimDev/install/ros_gz_application/share/ros_gz_application/hook/cmake_prefix_path.ps1'
[5.828s] INFO:colcon.colcon_core.shell:Creating environment descriptor '/workspaces/GazeboRobotSimDev/install/ros_gz_application/share/ros_gz_application/hook/cmake_prefix_path.dsv'
[5.828s] INFO:colcon.colcon_core.shell:Creating environment hook '/workspaces/GazeboRobotSimDev/install/ros_gz_application/share/ros_gz_application/hook/cmake_prefix_path.sh'
[5.829s] Level 1:colcon.colcon_core.environment:checking '/workspaces/GazeboRobotSimDev/install/ros_gz_application/lib'
[5.829s] Level 1:colcon.colcon_core.environment:checking '/workspaces/GazeboRobotSimDev/install/ros_gz_application/bin'
[5.829s] Level 1:colcon.colcon_core.environment:checking '/workspaces/GazeboRobotSimDev/install/ros_gz_application/lib/pkgconfig/ros_gz_application.pc'
[5.830s] Level 1:colcon.colcon_core.environment:checking '/workspaces/GazeboRobotSimDev/install/ros_gz_application/lib/python3.12/site-packages'
[5.830s] Level 1:colcon.colcon_core.environment:checking '/workspaces/GazeboRobotSimDev/install/ros_gz_application/bin'
[5.831s] INFO:colcon.colcon_core.shell:Creating package script '/workspaces/GazeboRobotSimDev/install/ros_gz_application/share/ros_gz_application/package.ps1'
[5.831s] INFO:colcon.colcon_core.shell:Creating package descriptor '/workspaces/GazeboRobotSimDev/install/ros_gz_application/share/ros_gz_application/package.dsv'
[5.832s] INFO:colcon.colcon_core.shell:Creating package script '/workspaces/GazeboRobotSimDev/install/ros_gz_application/share/ros_gz_application/package.sh'
[5.832s] INFO:colcon.colcon_core.shell:Creating package script '/workspaces/GazeboRobotSimDev/install/ros_gz_application/share/ros_gz_application/package.bash'
[5.832s] INFO:colcon.colcon_core.shell:Creating package script '/workspaces/GazeboRobotSimDev/install/ros_gz_application/share/ros_gz_application/package.zsh'
[5.832s] Level 1:colcon.colcon_core.environment:create_file_with_runtime_dependencies(/workspaces/GazeboRobotSimDev/install/ros_gz_application/share/colcon-core/packages/ros_gz_application)
[5.833s] Level 1:colcon.colcon_core.environment:create_environment_scripts_only(ros_gz_application)
[5.833s] Level 1:colcon.colcon_core.environment:checking '/workspaces/GazeboRobotSimDev/install/ros_gz_application' for CMake module files
[5.833s] Level 1:colcon.colcon_core.environment:checking '/workspaces/GazeboRobotSimDev/install/ros_gz_application' for CMake config files
[5.833s] Level 1:colcon.colcon_core.shell:create_environment_hook('ros_gz_application', 'cmake_prefix_path')
[5.833s] INFO:colcon.colcon_core.shell:Creating environment hook '/workspaces/GazeboRobotSimDev/install/ros_gz_application/share/ros_gz_application/hook/cmake_prefix_path.ps1'
[5.833s] INFO:colcon.colcon_core.shell:Creating environment descriptor '/workspaces/GazeboRobotSimDev/install/ros_gz_application/share/ros_gz_application/hook/cmake_prefix_path.dsv'
[5.833s] INFO:colcon.colcon_core.shell:Creating environment hook '/workspaces/GazeboRobotSimDev/install/ros_gz_application/share/ros_gz_application/hook/cmake_prefix_path.sh'
[5.834s] Level 1:colcon.colcon_core.environment:checking '/workspaces/GazeboRobotSimDev/install/ros_gz_application/lib'
[5.834s] Level 1:colcon.colcon_core.environment:checking '/workspaces/GazeboRobotSimDev/install/ros_gz_application/bin'
[5.834s] Level 1:colcon.colcon_core.environment:checking '/workspaces/GazeboRobotSimDev/install/ros_gz_application/lib/pkgconfig/ros_gz_application.pc'
[5.834s] Level 1:colcon.colcon_core.environment:checking '/workspaces/GazeboRobotSimDev/install/ros_gz_application/lib/python3.12/site-packages'
[5.834s] Level 1:colcon.colcon_core.environment:checking '/workspaces/GazeboRobotSimDev/install/ros_gz_application/bin'
[5.834s] INFO:colcon.colcon_core.shell:Creating package script '/workspaces/GazeboRobotSimDev/install/ros_gz_application/share/ros_gz_application/package.ps1'
[5.834s] INFO:colcon.colcon_core.shell:Creating package descriptor '/workspaces/GazeboRobotSimDev/install/ros_gz_application/share/ros_gz_application/package.dsv'
[5.835s] INFO:colcon.colcon_core.shell:Creating package script '/workspaces/GazeboRobotSimDev/install/ros_gz_application/share/ros_gz_application/package.sh'
[5.835s] INFO:colcon.colcon_core.shell:Creating package script '/workspaces/GazeboRobotSimDev/install/ros_gz_application/share/ros_gz_application/package.bash'
[5.835s] INFO:colcon.colcon_core.shell:Creating package script '/workspaces/GazeboRobotSimDev/install/ros_gz_application/share/ros_gz_application/package.zsh'
[5.835s] Level 1:colcon.colcon_core.environment:create_file_with_runtime_dependencies(/workspaces/GazeboRobotSimDev/install/ros_gz_application/share/colcon-core/packages/ros_gz_application)
[5.835s] INFO:colcon.colcon_ros.task.ament_cmake.build:Building ROS package in '/workspaces/GazeboRobotSimDev/ros_gz_bringup' with build type 'ament_cmake'
[5.836s] INFO:colcon.colcon_cmake.task.cmake.build:Building CMake package in '/workspaces/GazeboRobotSimDev/ros_gz_bringup'
[5.836s] INFO:colcon.colcon_core.shell:Skip shell extension 'powershell' for command environment: Not usable outside of PowerShell
[5.836s] DEBUG:colcon.colcon_core.shell:Skip shell extension 'dsv' for command environment
[5.837s] ERROR:colcon.colcon_cmake.task.cmake.build:Failed to find the following files:
- /workspaces/GazeboRobotSimDev/install/ros_gz_description/share/ros_gz_description/package.sh
- /workspaces/GazeboRobotSimDev/install/ros_gz_gazebo/share/ros_gz_gazebo/package.sh
Check that the following packages have been built:
- ros_gz_description
- ros_gz_gazebo
[5.837s] Level 1:colcon.colcon_core.environment:create_environment_scripts_only(ros_gz_bringup)
[5.837s] Level 1:colcon.colcon_core.environment:checking '/workspaces/GazeboRobotSimDev/install/ros_gz_bringup' for CMake module files
[5.837s] Level 1:colcon.colcon_core.environment:checking '/workspaces/GazeboRobotSimDev/install/ros_gz_bringup' for CMake config files
[5.838s] Level 1:colcon.colcon_core.environment:checking '/workspaces/GazeboRobotSimDev/install/ros_gz_bringup/bin'
[5.838s] Level 1:colcon.colcon_core.environment:checking '/workspaces/GazeboRobotSimDev/install/ros_gz_bringup/lib/pkgconfig/ros_gz_bringup.pc'
[5.838s] Level 1:colcon.colcon_core.environment:checking '/workspaces/GazeboRobotSimDev/install/ros_gz_bringup/lib/python3.12/site-packages'
[5.838s] Level 1:colcon.colcon_core.environment:checking '/workspaces/GazeboRobotSimDev/install/ros_gz_bringup/bin'
[5.838s] INFO:colcon.colcon_core.shell:Creating package script '/workspaces/GazeboRobotSimDev/install/ros_gz_bringup/share/ros_gz_bringup/package.ps1'
[5.838s] INFO:colcon.colcon_core.shell:Creating package descriptor '/workspaces/GazeboRobotSimDev/install/ros_gz_bringup/share/ros_gz_bringup/package.dsv'
[5.838s] INFO:colcon.colcon_core.shell:Creating package script '/workspaces/GazeboRobotSimDev/install/ros_gz_bringup/share/ros_gz_bringup/package.sh'
[5.839s] INFO:colcon.colcon_core.shell:Creating package script '/workspaces/GazeboRobotSimDev/install/ros_gz_bringup/share/ros_gz_bringup/package.bash'
[5.839s] INFO:colcon.colcon_core.shell:Creating package script '/workspaces/GazeboRobotSimDev/install/ros_gz_bringup/share/ros_gz_bringup/package.zsh'
[5.839s] Level 1:colcon.colcon_core.environment:create_file_with_runtime_dependencies(/workspaces/GazeboRobotSimDev/install/ros_gz_bringup/share/colcon-core/packages/ros_gz_bringup)
[5.849s] DEBUG:colcon.colcon_parallel_executor.executor.parallel:closing loop
[5.850s] DEBUG:colcon.colcon_parallel_executor.executor.parallel:loop closed
[5.850s] DEBUG:colcon.colcon_parallel_executor.executor.parallel:run_until_complete finished with '1'
[5.850s] DEBUG:colcon.colcon_core.event_reactor:joining thread
[5.853s] INFO:colcon.colcon_core.plugin_system:Skipping extension 'colcon_notification.desktop_notification.notify_send': Could not find 'notify-send'
[5.853s] INFO:colcon.colcon_core.plugin_system:Skipping extension 'colcon_notification.desktop_notification.terminal_notifier': Not used on non-Darwin systems
[5.853s] INFO:colcon.colcon_core.plugin_system:Skipping extension 'colcon_notification.desktop_notification.win32': Not used on non-Windows systems
[5.853s] INFO:colcon.colcon_notification.desktop_notification:Sending desktop notification using 'notify2'
[5.855s] DEBUG:colcon.colcon_notification.desktop_notification.notify2:Failed to initialize notify2: org.freedesktop.DBus.Error.Spawn.ExecFailed: /usr/bin/dbus-launch terminated abnormally without any error message
[5.855s] DEBUG:colcon.colcon_core.event_reactor:joined thread
[5.855s] INFO:colcon.colcon_core.shell:Creating prefix script '/workspaces/GazeboRobotSimDev/install/local_setup.ps1'
[5.856s] INFO:colcon.colcon_core.shell:Creating prefix util module '/workspaces/GazeboRobotSimDev/install/_local_setup_util_ps1.py'
[5.856s] INFO:colcon.colcon_core.shell:Creating prefix chain script '/workspaces/GazeboRobotSimDev/install/setup.ps1'
[5.857s] INFO:colcon.colcon_core.shell:Creating prefix script '/workspaces/GazeboRobotSimDev/install/local_setup.sh'
[5.857s] INFO:colcon.colcon_core.shell:Creating prefix util module '/workspaces/GazeboRobotSimDev/install/_local_setup_util_sh.py'
[5.857s] INFO:colcon.colcon_core.shell:Creating prefix chain script '/workspaces/GazeboRobotSimDev/install/setup.sh'
[5.858s] INFO:colcon.colcon_core.shell:Creating prefix script '/workspaces/GazeboRobotSimDev/install/local_setup.bash'
[5.858s] INFO:colcon.colcon_core.shell:Creating prefix chain script '/workspaces/GazeboRobotSimDev/install/setup.bash'
[5.858s] INFO:colcon.colcon_core.shell:Creating prefix script '/workspaces/GazeboRobotSimDev/install/local_setup.zsh'
[5.858s] INFO:colcon.colcon_core.shell:Creating prefix chain script '/workspaces/GazeboRobotSimDev/install/setup.zsh'
