-- The C compiler identification is GNU 13.3.0
-- The CXX compiler identification is GNU 13.3.0
-- Detecting C compiler ABI info
-- Detecting C compiler ABI info - done
-- Check for working C compiler: /usr/bin/cc - skipped
-- Detecting C compile features
-- Detecting C compile features - done
-- Detecting CXX compiler ABI info
-- Detecting CXX compiler ABI info - done
-- Check for working CXX compiler: /usr/bin/c++ - skipped
-- Detecting CXX compile features
-- Detecting CXX compile features - done
-- Found ament_cmake: 2.5.6 (/opt/ros/jazzy/share/ament_cmake/cmake)
-- Found Python3: /usr/bin/python3 (found version "3.12.3") found components: Interpreter 
-- Found ament_lint_auto: 0.17.5 (/opt/ros/jazzy/share/ament_lint_auto/cmake)
-- Added test 'lint_cmake' to check CMake code style
-- Added test 'xmllint' to check XML markup files
-- Configuring done (0.6s)
-- Generating done (0.0s)
-- Build files have been written to: /workspaces/GazeboRobotSimDev/build/ros_gz_description
-- Install configuration: ""
-- Installing: /workspaces/GazeboRobotSimDev/install/ros_gz_description/share/ament_index/resource_index/package_run_dependencies/ros_gz_description
-- Installing: /workspaces/GazeboRobotSimDev/install/ros_gz_description/share/ament_index/resource_index/parent_prefix_path/ros_gz_description
-- Installing: /workspaces/GazeboRobotSimDev/install/ros_gz_description/share/ros_gz_description/environment/ament_prefix_path.sh
-- Installing: /workspaces/GazeboRobotSimDev/install/ros_gz_description/share/ros_gz_description/environment/ament_prefix_path.dsv
-- Installing: /workspaces/GazeboRobotSimDev/install/ros_gz_description/share/ros_gz_description/environment/path.sh
-- Installing: /workspaces/GazeboRobotSimDev/install/ros_gz_description/share/ros_gz_description/environment/path.dsv
-- Installing: /workspaces/GazeboRobotSimDev/install/ros_gz_description/share/ros_gz_description/local_setup.bash
-- Installing: /workspaces/GazeboRobotSimDev/install/ros_gz_description/share/ros_gz_description/local_setup.sh
-- Installing: /workspaces/GazeboRobotSimDev/install/ros_gz_description/share/ros_gz_description/local_setup.zsh
-- Installing: /workspaces/GazeboRobotSimDev/install/ros_gz_description/share/ros_gz_description/local_setup.dsv
-- Installing: /workspaces/GazeboRobotSimDev/install/ros_gz_description/share/ros_gz_description/package.dsv
-- Installing: /workspaces/GazeboRobotSimDev/install/ros_gz_description/share/ament_index/resource_index/packages/ros_gz_description
-- Installing: /workspaces/GazeboRobotSimDev/install/ros_gz_description/share/ros_gz_description/cmake/ros_gz_descriptionConfig.cmake
-- Installing: /workspaces/GazeboRobotSimDev/install/ros_gz_description/share/ros_gz_description/cmake/ros_gz_descriptionConfig-version.cmake
-- Installing: /workspaces/GazeboRobotSimDev/install/ros_gz_description/share/ros_gz_description/package.xml
