[0.009s] Invoking command in '/workspaces/GazeboRobotSimDev/build/ros_gz_description': CMAKE_PREFIX_PATH=${CMAKE_PREFIX_PATH}:/opt/ros/jazzy /usr/bin/cmake /workspaces/GazeboRobotSimDev/ros_gz_description -DCMAKE_INSTALL_PREFIX=/workspaces/GazeboRobotSimDev/install/ros_gz_description
[0.151s] -- The C compiler identification is GNU 13.3.0
[0.221s] -- The CXX compiler identification is GNU 13.3.0
[0.234s] -- Detecting C compiler ABI info
[0.288s] -- Detecting C compiler ABI info - done
[0.292s] -- Check for working C compiler: /usr/bin/cc - skipped
[0.293s] -- Detecting C compile features
[0.293s] -- Detecting C compile features - done
[0.299s] -- Detecting CXX compiler ABI info
[0.354s] -- Detecting CXX compiler ABI info - done
[0.359s] -- Check for working CXX compiler: /usr/bin/c++ - skipped
[0.359s] -- Detecting CXX compile features
[0.359s] -- Detecting CXX compile features - done
[0.378s] -- Found ament_cmake: 2.5.6 (/opt/ros/jazzy/share/ament_cmake/cmake)
[0.466s] -- Found Python3: /usr/bin/python3 (found version "3.12.3") found components: Interpreter 
[0.560s] -- Found ament_lint_auto: 0.17.5 (/opt/ros/jazzy/share/ament_lint_auto/cmake)
[0.632s] -- Added test 'lint_cmake' to check CMake code style
[0.633s] -- Added test 'xmllint' to check XML markup files
[0.635s] -- Configuring done (0.6s)
[0.638s] -- Generating done (0.0s)
[0.640s] -- Build files have been written to: /workspaces/GazeboRobotSimDev/build/ros_gz_description
[0.644s] Invoked command in '/workspaces/GazeboRobotSimDev/build/ros_gz_description' returned '0': CMAKE_PREFIX_PATH=${CMAKE_PREFIX_PATH}:/opt/ros/jazzy /usr/bin/cmake /workspaces/GazeboRobotSimDev/ros_gz_description -DCMAKE_INSTALL_PREFIX=/workspaces/GazeboRobotSimDev/install/ros_gz_description
[0.645s] Invoking command in '/workspaces/GazeboRobotSimDev/build/ros_gz_description': CMAKE_PREFIX_PATH=${CMAKE_PREFIX_PATH}:/opt/ros/jazzy /usr/bin/cmake --build /workspaces/GazeboRobotSimDev/build/ros_gz_description -- -j32 -l32
[0.667s] Invoked command in '/workspaces/GazeboRobotSimDev/build/ros_gz_description' returned '0': CMAKE_PREFIX_PATH=${CMAKE_PREFIX_PATH}:/opt/ros/jazzy /usr/bin/cmake --build /workspaces/GazeboRobotSimDev/build/ros_gz_description -- -j32 -l32
[0.667s] Invoking command in '/workspaces/GazeboRobotSimDev/build/ros_gz_description': CMAKE_PREFIX_PATH=${CMAKE_PREFIX_PATH}:/opt/ros/jazzy /usr/bin/cmake --install /workspaces/GazeboRobotSimDev/build/ros_gz_description
[0.672s] -- Install configuration: ""
[0.673s] -- Installing: /workspaces/GazeboRobotSimDev/install/ros_gz_description/share/ament_index/resource_index/package_run_dependencies/ros_gz_description
[0.673s] -- Installing: /workspaces/GazeboRobotSimDev/install/ros_gz_description/share/ament_index/resource_index/parent_prefix_path/ros_gz_description
[0.673s] -- Installing: /workspaces/GazeboRobotSimDev/install/ros_gz_description/share/ros_gz_description/environment/ament_prefix_path.sh
[0.673s] -- Installing: /workspaces/GazeboRobotSimDev/install/ros_gz_description/share/ros_gz_description/environment/ament_prefix_path.dsv
[0.674s] -- Installing: /workspaces/GazeboRobotSimDev/install/ros_gz_description/share/ros_gz_description/environment/path.sh
[0.674s] -- Installing: /workspaces/GazeboRobotSimDev/install/ros_gz_description/share/ros_gz_description/environment/path.dsv
[0.675s] -- Installing: /workspaces/GazeboRobotSimDev/install/ros_gz_description/share/ros_gz_description/local_setup.bash
[0.675s] -- Installing: /workspaces/GazeboRobotSimDev/install/ros_gz_description/share/ros_gz_description/local_setup.sh
[0.675s] -- Installing: /workspaces/GazeboRobotSimDev/install/ros_gz_description/share/ros_gz_description/local_setup.zsh
[0.675s] -- Installing: /workspaces/GazeboRobotSimDev/install/ros_gz_description/share/ros_gz_description/local_setup.dsv
[0.676s] -- Installing: /workspaces/GazeboRobotSimDev/install/ros_gz_description/share/ros_gz_description/package.dsv
[0.676s] -- Installing: /workspaces/GazeboRobotSimDev/install/ros_gz_description/share/ament_index/resource_index/packages/ros_gz_description
[0.676s] -- Installing: /workspaces/GazeboRobotSimDev/install/ros_gz_description/share/ros_gz_description/cmake/ros_gz_descriptionConfig.cmake
[0.676s] -- Installing: /workspaces/GazeboRobotSimDev/install/ros_gz_description/share/ros_gz_description/cmake/ros_gz_descriptionConfig-version.cmake
[0.676s] -- Installing: /workspaces/GazeboRobotSimDev/install/ros_gz_description/share/ros_gz_description/package.xml
[0.683s] Invoked command in '/workspaces/GazeboRobotSimDev/build/ros_gz_description' returned '0': CMAKE_PREFIX_PATH=${CMAKE_PREFIX_PATH}:/opt/ros/jazzy /usr/bin/cmake --install /workspaces/GazeboRobotSimDev/build/ros_gz_description
